
======================================================================
  DATASET 1  |  formulations: ['F1', 'F2', 'F3']  |  limit: 120s
======================================================================

[instance_01]  m=35  n=35  R=25
  -- F1
Set parameter Username
Set parameter LicenseID to value 2724467
Academic license - for non-commercial use only - expires 2026-10-17
Set parameter OutputFlag to value 1
Set parameter TimeLimit to value 120
Gurobi Optimizer version 12.0.3 build v12.0.3rc0 (mac64[arm] - Darwin 25.4.0 25E253)

CPU model: Apple M2
Thread count: 8 physical cores, 8 logical processors, using up to 8 threads

Non-default parameters:
TimeLimit  120

Optimize a model with 10324 rows, 1260 columns and 22993 nonzeros
Model fingerprint: 0x64789e55
Variable types: 0 continuous, 1260 integer (1260 binary)
Coefficient statistics:
  Matrix range     [1e+00, 2e+01]
  Objective range  [1e+00, 1e+00]
  Bounds range     [1e+00, 1e+00]
  RHS range        [1e+00, 1e+00]
Found heuristic solution: objective 34.0000000
Presolve removed 7640 rows and 38 columns
Presolve time: 0.14s
Presolved: 2684 rows, 1222 columns, 17078 nonzeros
Variable types: 0 continuous, 1222 integer (1222 binary)

Root relaxation: objective 6.320000e+00, 6085 iterations, 0.67 seconds (0.68 work units)

    Nodes    |    Current Node    |     Objective Bounds      |     Work
 Expl Unexpl |  Obj  Depth IntInf | Incumbent    BestBd   Gap | It/Node Time

     0     0    6.32000    0  551   34.00000    6.32000  81.4%     -    2s
     0     0    7.00000    0  117   34.00000    7.00000  79.4%     -    2s
H    0     0                      29.0000000    7.00000  75.9%     -    2s
H    0     0                      17.0000000    7.00000  58.8%     -    2s
H    0     0                       8.0000000    7.00000  12.5%     -    2s
     0     0    7.00000    0   96    8.00000    7.00000  12.5%     -    2s
     0     0    7.00000    0  128    8.00000    7.00000  12.5%     -    2s
     0     0    7.00000    0  111    8.00000    7.00000  12.5%     -    2s
     0     0    7.00000    0   98    8.00000    7.00000  12.5%     -    2s
     0     0    7.00000    0  102    8.00000    7.00000  12.5%     -    2s
     0     0    7.00000    0   89    8.00000    7.00000  12.5%     -    2s

Cutting planes:
  Gomory: 41
  Clique: 9
  MIR: 2
  Zero half: 56

Explored 1 nodes (17489 simplex iterations) in 2.73 seconds (2.79 work units)
Thread count was 8 (of 8 available processors)

Solution count 4: 8 17 29 34 

Optimal solution found (tolerance 1.00e-04)
Best objective 8.000000000000e+00, best bound 8.000000000000e+00, gap 0.0000%
     LP=6.3200  obj=8.0  nodes=1  time=2.73s  [OPT]
  -- F2
Set parameter OutputFlag to value 1
Set parameter TimeLimit to value 120
Gurobi Optimizer version 12.0.3 build v12.0.3rc0 (mac64[arm] - Darwin 25.4.0 25E253)

CPU model: Apple M2
Thread count: 8 physical cores, 8 logical processors, using up to 8 threads

Non-default parameters:
TimeLimit  120

Optimize a model with 8574 rows, 1260 columns and 42068 nonzeros
Model fingerprint: 0x8545dd32
Variable types: 0 continuous, 1260 integer (1260 binary)
Coefficient statistics:
  Matrix range     [1e+00, 2e+01]
  Objective range  [1e+00, 1e+00]
  Bounds range     [1e+00, 1e+00]
  RHS range        [1e+00, 1e+00]
Found heuristic solution: objective 34.0000000
Presolve removed 2 rows and 2 columns
Presolve time: 0.15s
Presolved: 8572 rows, 1258 columns, 46255 nonzeros
Variable types: 0 continuous, 1258 integer (1258 binary)

Root relaxation: objective 6.320000e+00, 5457 iterations, 1.20 seconds (1.41 work units)

    Nodes    |    Current Node    |     Objective Bounds      |     Work
 Expl Unexpl |  Obj  Depth IntInf | Incumbent    BestBd   Gap | It/Node Time

     0     0    6.32000    0  382   34.00000    6.32000  81.4%     -    4s
     0     0    7.00000    0  141   34.00000    7.00000  79.4%     -    5s
H    0     0                      12.0000000    7.00000  41.7%     -    5s
H    0     0                      11.0000000    7.00000  36.4%     -    5s
H    0     0                      10.0000000    7.00000  30.0%     -    5s
H    0     0                       8.0000000    7.00000  12.5%     -    5s
     0     0    7.00000    0  122    8.00000    7.00000  12.5%     -    5s
     0     0    7.00000    0   43    8.00000    7.00000  12.5%     -    5s
     0     0    7.00000    0  131    8.00000    7.00000  12.5%     -    5s
     0     0    7.00000    0  111    8.00000    7.00000  12.5%     -    5s
     0     0    7.00000    0   94    8.00000    7.00000  12.5%     -    5s
     0     0    7.00000    0   89    8.00000    7.00000  12.5%     -    5s

Cutting planes:
  Gomory: 28
  Cover: 1
  GUB cover: 1
  Zero half: 30
  RLT: 1

Explored 1 nodes (24453 simplex iterations) in 5.79 seconds (6.47 work units)
Thread count was 8 (of 8 available processors)

Solution count 5: 8 10 11 ... 34

Optimal solution found (tolerance 1.00e-04)
Best objective 8.000000000000e+00, best bound 8.000000000000e+00, gap 0.0000%
     LP=6.3200  obj=8.0  nodes=1  time=5.79s  [OPT]
  -- F3
Set parameter OutputFlag to value 1
Set parameter TimeLimit to value 120
Gurobi Optimizer version 12.0.3 build v12.0.3rc0 (mac64[arm] - Darwin 25.4.0 25E253)

CPU model: Apple M2
Thread count: 8 physical cores, 8 logical processors, using up to 8 threads

Non-default parameters:
TimeLimit  120

Optimize a model with 35 rows, 2573 columns and 9094 nonzeros
Model fingerprint: 0xd02d69ba
Variable types: 0 continuous, 2573 integer (2573 binary)
Coefficient statistics:
  Matrix range     [1e+00, 1e+00]
  Objective range  [1e+00, 1e+00]
  Bounds range     [1e+00, 1e+00]
  RHS range        [1e+00, 1e+00]
Found heuristic solution: objective 35.0000000
Presolve time: 0.01s
Presolved: 35 rows, 2573 columns, 9094 nonzeros
Variable types: 0 continuous, 2573 integer (2573 binary)

Root relaxation: objective 7.183333e+00, 166 iterations, 0.01 seconds (0.01 work units)

    Nodes    |    Current Node    |     Objective Bounds      |     Work
 Expl Unexpl |  Obj  Depth IntInf | Incumbent    BestBd   Gap | It/Node Time

     0     0    7.18333    0   32   35.00000    7.18333  79.5%     -    0s
H    0     0                      14.0000000    7.18333  48.7%     -    0s
H    0     0                       8.0000000    7.18333  10.2%     -    0s
     0     0    7.18333    0   32    8.00000    7.18333  10.2%     -    0s

Explored 1 nodes (186 simplex iterations) in 0.03 seconds (0.03 work units)
Thread count was 8 (of 8 available processors)

Solution count 3: 8 14 35 

Optimal solution found (tolerance 1.00e-04)
Best objective 8.000000000000e+00, best bound 8.000000000000e+00, gap 0.0000%
     LP=7.1833  obj=8.0  nodes=1  time=0.03s  [OPT]
     groupings=2573  enum=0.01s

[instance_02]  m=38  n=38  R=25
  -- F1
Set parameter OutputFlag to value 1
Set parameter TimeLimit to value 120
Gurobi Optimizer version 12.0.3 build v12.0.3rc0 (mac64[arm] - Darwin 25.4.0 25E253)

CPU model: Apple M2
Thread count: 8 physical cores, 8 logical processors, using up to 8 threads

Non-default parameters:
TimeLimit  120

Optimize a model with 13223 rows, 1482 columns and 29220 nonzeros
Model fingerprint: 0x63325631
Variable types: 0 continuous, 1482 integer (1482 binary)
Coefficient statistics:
  Matrix range     [1e+00, 2e+01]
  Objective range  [1e+00, 1e+00]
  Bounds range     [1e+00, 1e+00]
  RHS range        [1e+00, 1e+00]
Found heuristic solution: objective 35.0000000
Presolve removed 10318 rows and 119 columns
Presolve time: 0.16s
Presolved: 2905 rows, 1363 columns, 19047 nonzeros
Variable types: 0 continuous, 1363 integer (1363 binary)

Root relaxation: objective 7.320000e+00, 4208 iterations, 0.36 seconds (0.40 work units)

    Nodes    |    Current Node    |     Objective Bounds      |     Work
 Expl Unexpl |  Obj  Depth IntInf | Incumbent    BestBd   Gap | It/Node Time

     0     0    7.32000    0  118   35.00000    7.32000  79.1%     -    1s
     0     0    8.00000    0   91   35.00000    8.00000  77.1%     -    1s
H    0     0                      14.0000000    8.00000  42.9%     -    1s
H    0     0                       9.0000000    8.00000  11.1%     -    1s
     0     0    8.00000    0  123    9.00000    8.00000  11.1%     -    1s
     0     0    8.00000    0  126    9.00000    8.00000  11.1%     -    1s
     0     0    8.00000    0  119    9.00000    8.00000  11.1%     -    1s
     0     0    8.00000    0  101    9.00000    8.00000  11.1%     -    1s
     0     0    8.00000    0   82    9.00000    8.00000  11.1%     -    1s
     0     0    8.00000    0   88    9.00000    8.00000  11.1%     -    1s
     0     0    8.00000    0   83    9.00000    8.00000  11.1%     -    1s
     0     0    8.00000    0   84    9.00000    8.00000  11.1%     -    1s
     0     0    8.00000    0   43    9.00000    8.00000  11.1%     -    2s
     0     0    8.00000    0   83    9.00000    8.00000  11.1%     -    2s
     0     0    8.00000    0   85    9.00000    8.00000  11.1%     -    2s
     0     0    8.00000    0   83    9.00000    8.00000  11.1%     -    2s
     0     0    8.00000    0   78    9.00000    8.00000  11.1%     -    2s
     0     0    8.00000    0   64    9.00000    8.00000  11.1%     -    2s
     0     0    8.00000    0   80    9.00000    8.00000  11.1%     -    2s
     0     0    8.00000    0   80    9.00000    8.00000  11.1%     -    2s
     0     2    8.00000    0   80    9.00000    8.00000  11.1%     -    2s

Cutting planes:
  Cover: 20
  Clique: 34
  MIR: 5
  StrongCG: 1
  GUB cover: 3
  Zero half: 11

Explored 904 nodes (76007 simplex iterations) in 2.62 seconds (2.77 work units)
Thread count was 8 (of 8 available processors)

Solution count 3: 9 14 35 

Optimal solution found (tolerance 1.00e-04)
Best objective 9.000000000000e+00, best bound 9.000000000000e+00, gap 0.0000%
     LP=7.3200  obj=9.0  nodes=904  time=2.62s  [OPT]
  -- F2
Set parameter OutputFlag to value 1
Set parameter TimeLimit to value 120
Gurobi Optimizer version 12.0.3 build v12.0.3rc0 (mac64[arm] - Darwin 25.4.0 25E253)

CPU model: Apple M2
Thread count: 8 physical cores, 8 logical processors, using up to 8 threads

Non-default parameters:
TimeLimit  120

Optimize a model with 11893 rows, 1482 columns and 58518 nonzeros
Model fingerprint: 0x3d758278
Variable types: 0 continuous, 1482 integer (1482 binary)
Coefficient statistics:
  Matrix range     [1e+00, 2e+01]
  Objective range  [1e+00, 1e+00]
  Bounds range     [1e+00, 1e+00]
  RHS range        [1e+00, 1e+00]
Found heuristic solution: objective 37.0000000
Presolve removed 2 rows and 2 columns
Presolve time: 0.23s
Presolved: 11891 rows, 1480 columns, 64061 nonzeros
Variable types: 0 continuous, 1480 integer (1480 binary)
Root relaxation presolved: 11891 rows, 1480 columns, 64061 nonzeros


Root relaxation: objective 7.320000e+00, 3511 iterations, 1.01 seconds (1.12 work units)

    Nodes    |    Current Node    |     Objective Bounds      |     Work
 Expl Unexpl |  Obj  Depth IntInf | Incumbent    BestBd   Gap | It/Node Time

     0     0    7.32000    0  450   37.00000    7.32000  80.2%     -    5s
     0     0    8.00000    0  148   37.00000    8.00000  78.4%     -    6s
H    0     0                      35.0000000    8.00000  77.1%     -    6s
H    0     0                      13.0000000    8.00000  38.5%     -    6s
H    0     0                       9.0000000    8.00000  11.1%     -    6s
     0     0    8.00000    0  139    9.00000    8.00000  11.1%     -    6s
     0     0    8.00000    0  107    9.00000    8.00000  11.1%     -    6s
     0     0    8.00000    0   74    9.00000    8.00000  11.1%     -    6s
     0     0    8.00000    0  101    9.00000    8.00000  11.1%     -    6s
     0     0    8.00000    0   59    9.00000    8.00000  11.1%     -    6s
     0     0    8.00000    0   74    9.00000    8.00000  11.1%     -    6s
     0     0    8.00000    0   79    9.00000    8.00000  11.1%     -    6s
     0     0    8.00000    0   79    9.00000    8.00000  11.1%     -    6s
     0     0    8.00000    0   48    9.00000    8.00000  11.1%     -    7s
     0     0    8.00000    0   67    9.00000    8.00000  11.1%     -    7s
     0     0    8.00000    0   86    9.00000    8.00000  11.1%     -    7s
     0     0    8.00000    0   88    9.00000    8.00000  11.1%     -    7s
     0     0    8.00000    0   73    9.00000    8.00000  11.1%     -    7s
     0     0    8.00000    0   73    9.00000    8.00000  11.1%     -    7s
     0     2    8.00000    0   73    9.00000    8.00000  11.1%     -    7s

Cutting planes:
  Cover: 15
  MIR: 5
  StrongCG: 2
  GUB cover: 3
  Zero half: 14
  RLT: 1
  Relax-and-lift: 7

Explored 561 nodes (78576 simplex iterations) in 7.80 seconds (8.92 work units)
Thread count was 8 (of 8 available processors)

Solution count 4: 9 13 35 37 

Optimal solution found (tolerance 1.00e-04)
Best objective 9.000000000000e+00, best bound 9.000000000000e+00, gap 0.0000%
     LP=7.3200  obj=9.0  nodes=561  time=7.80s  [OPT]
  -- F3
Set parameter OutputFlag to value 1
Set parameter TimeLimit to value 120
Gurobi Optimizer version 12.0.3 build v12.0.3rc0 (mac64[arm] - Darwin 25.4.0 25E253)

CPU model: Apple M2
Thread count: 8 physical cores, 8 logical processors, using up to 8 threads

Non-default parameters:
TimeLimit  120

Optimize a model with 38 rows, 2809 columns and 9645 nonzeros
Model fingerprint: 0x0595b0ac
Variable types: 0 continuous, 2809 integer (2809 binary)
Coefficient statistics:
  Matrix range     [1e+00, 1e+00]
  Objective range  [1e+00, 1e+00]
  Bounds range     [1e+00, 1e+00]
  RHS range        [1e+00, 1e+00]
Found heuristic solution: objective 38.0000000
Presolve time: 0.01s
Presolved: 38 rows, 2809 columns, 9645 nonzeros
Variable types: 0 continuous, 2809 integer (2809 binary)

Root relaxation: objective 7.920635e+00, 260 iterations, 0.01 seconds (0.02 work units)

    Nodes    |    Current Node    |     Objective Bounds      |     Work
 Expl Unexpl |  Obj  Depth IntInf | Incumbent    BestBd   Gap | It/Node Time

     0     0    7.92063    0   34   38.00000    7.92063  79.2%     -    0s
H    0     0                      14.0000000    7.92063  43.4%     -    0s
H    0     0                       9.0000000    7.92063  12.0%     -    0s

Cutting planes:
  Clique: 14
  Mod-K: 3

Explored 1 nodes (262 simplex iterations) in 0.08 seconds (0.07 work units)
Thread count was 8 (of 8 available processors)

Solution count 3: 9 14 38 

Optimal solution found (tolerance 1.00e-04)
Best objective 9.000000000000e+00, best bound 9.000000000000e+00, gap 0.0000%
     LP=7.9206  obj=9.0  nodes=1  time=0.09s  [OPT]
     groupings=2809  enum=0.01s

[instance_03]  m=40  n=40  R=25
  -- F1
Set parameter OutputFlag to value 1
Set parameter TimeLimit to value 120
Gurobi Optimizer version 12.0.3 build v12.0.3rc0 (mac64[arm] - Darwin 25.4.0 25E253)

CPU model: Apple M2
Thread count: 8 physical cores, 8 logical processors, using up to 8 threads

Non-default parameters:
TimeLimit  120

Optimize a model with 14879 rows, 1640 columns and 32838 nonzeros
Model fingerprint: 0xdde5b41e
Variable types: 0 continuous, 1640 integer (1640 binary)
Coefficient statistics:
  Matrix range     [1e+00, 2e+01]
  Objective range  [1e+00, 1e+00]
  Bounds range     [1e+00, 1e+00]
  RHS range        [1e+00, 1e+00]
Found heuristic solution: objective 39.0000000
Presolve removed 10802 rows and 2 columns
Presolve time: 0.13s
Presolved: 4077 rows, 1638 columns, 25554 nonzeros
Variable types: 0 continuous, 1638 integer (1638 binary)

Root relaxation: objective 7.880000e+00, 6218 iterations, 0.71 seconds (0.73 work units)

    Nodes    |    Current Node    |     Objective Bounds      |     Work
 Expl Unexpl |  Obj  Depth IntInf | Incumbent    BestBd   Gap | It/Node Time

     0     0    7.88000    0  119   39.00000    7.88000  79.8%     -    1s
     0     0    8.00000    0  108   39.00000    8.00000  79.5%     -    1s
H    0     0                      27.0000000    8.00000  70.4%     -    1s
H    0     0                      10.0000000    8.00000  20.0%     -    1s
H    0     0                       9.0000000    8.00000  11.1%     -    1s
     0     0    8.00000    0  117    9.00000    8.00000  11.1%     -    1s
     0     0    8.00000    0  139    9.00000    8.00000  11.1%     -    1s
     0     0    8.00000    0  125    9.00000    8.00000  11.1%     -    1s
     0     0    8.00000    0  112    9.00000    8.00000  11.1%     -    1s
     0     0    8.00000    0  107    9.00000    8.00000  11.1%     -    1s
     0     0    8.00000    0  104    9.00000    8.00000  11.1%     -    1s
     0     0    8.00000    0  105    9.00000    8.00000  11.1%     -    1s
     0     0    8.00000    0  106    9.00000    8.00000  11.1%     -    1s
     0     0    8.00000    0   37    9.00000    8.00000  11.1%     -    1s
     0     0    8.00000    0   87    9.00000    8.00000  11.1%     -    1s
     0     0    8.00000    0   86    9.00000    8.00000  11.1%     -    1s
     0     0    8.00000    0   86    9.00000    8.00000  11.1%     -    1s
     0     0    8.00000    0   79    9.00000    8.00000  11.1%     -    1s
     0     0    8.00000    0   79    9.00000    8.00000  11.1%     -    1s
     0     0    8.00000    0   96    9.00000    8.00000  11.1%     -    1s
     0     0    8.00000    0  101    9.00000    8.00000  11.1%     -    1s
     0     0    8.00000    0  102    9.00000    8.00000  11.1%     -    1s
     0     0    8.00000    0   76    9.00000    8.00000  11.1%     -    1s
     0     2    8.00000    0   73    9.00000    8.00000  11.1%     -    1s

Cutting planes:
  Gomory: 1
  Cover: 11
  Clique: 24
  MIR: 7
  StrongCG: 3
  GUB cover: 2
  Zero half: 6
  RLT: 2
  Relax-and-lift: 2

Explored 140 nodes (29765 simplex iterations) in 2.01 seconds (1.99 work units)
Thread count was 8 (of 8 available processors)

Solution count 4: 9 10 27 39 

Optimal solution found (tolerance 1.00e-04)
Best objective 9.000000000000e+00, best bound 9.000000000000e+00, gap 0.0000%
     LP=7.8800  obj=9.0  nodes=140  time=2.01s  [OPT]
  -- F2
Set parameter OutputFlag to value 1
Set parameter TimeLimit to value 120
Gurobi Optimizer version 12.0.3 build v12.0.3rc0 (mac64[arm] - Darwin 25.4.0 25E253)

CPU model: Apple M2
Thread count: 8 physical cores, 8 logical processors, using up to 8 threads

Non-default parameters:
TimeLimit  120

Optimize a model with 14719 rows, 1640 columns and 70998 nonzeros
Model fingerprint: 0x1d3d8f12
Variable types: 0 continuous, 1640 integer (1640 binary)
Coefficient statistics:
  Matrix range     [1e+00, 2e+01]
  Objective range  [1e+00, 1e+00]
  Bounds range     [1e+00, 1e+00]
  RHS range        [1e+00, 1e+00]
Found heuristic solution: objective 39.0000000
Presolve removed 2 rows and 2 columns
Presolve time: 0.24s
Presolved: 14717 rows, 1638 columns, 77001 nonzeros
Variable types: 0 continuous, 1638 integer (1638 binary)
Root relaxation presolved: 14717 rows, 1638 columns, 77001 nonzeros


Root relaxation: objective 7.880000e+00, 1937 iterations, 0.52 seconds (0.64 work units)

    Nodes    |    Current Node    |     Objective Bounds      |     Work
 Expl Unexpl |  Obj  Depth IntInf | Incumbent    BestBd   Gap | It/Node Time

     0     0    7.88000    0  264   39.00000    7.88000  79.8%     -    2s
     0     0    8.00000    0  139   39.00000    8.00000  79.5%     -    3s
H    0     0                      38.0000000    8.00000  78.9%     -    3s
H    0     0                      12.0000000    8.00000  33.3%     -    3s
H    0     0                       9.0000000    8.00000  11.1%     -    3s
     0     0    8.00000    0  136    9.00000    8.00000  11.1%     -    4s
     0     0    8.00000    0  129    9.00000    8.00000  11.1%     -    4s
     0     0    8.00000    0  137    9.00000    8.00000  11.1%     -    5s
     0     0    8.00000    0  117    9.00000    8.00000  11.1%     -    5s
     0     0    8.00000    0  113    9.00000    8.00000  11.1%     -    5s
     0     0    8.00000    0   94    9.00000    8.00000  11.1%     -    5s
     0     0    8.00000    0  100    9.00000    8.00000  11.1%     -    5s
     0     0    8.00000    0  102    9.00000    8.00000  11.1%     -    5s
     0     0    8.00000    0   84    9.00000    8.00000  11.1%     -    6s
     0     0    8.00000    0   84    9.00000    8.00000  11.1%     -    6s
     0     0    8.00000    0   94    9.00000    8.00000  11.1%     -    6s
     0     0    8.00000    0  104    9.00000    8.00000  11.1%     -    6s
     0     0    8.00000    0  106    9.00000    8.00000  11.1%     -    6s
     0     0    8.00000    0  104    9.00000    8.00000  11.1%     -    6s
     0     0    8.00000    0   97    9.00000    8.00000  11.1%     -    6s
     0     0    8.00000    0  111    9.00000    8.00000  11.1%     -    6s
     0     0    8.00000    0  100    9.00000    8.00000  11.1%     -    6s
     0     0    8.00000    0   88    9.00000    8.00000  11.1%     -    6s
     0     2    8.00000    0   88    9.00000    8.00000  11.1%     -    6s

Cutting planes:
  Cover: 13
  MIR: 5
  StrongCG: 2
  GUB cover: 6
  Inf proof: 1
  Zero half: 3
  Relax-and-lift: 1

Explored 154 nodes (33441 simplex iterations) in 7.24 seconds (4.93 work units)
Thread count was 8 (of 8 available processors)

Solution count 4: 9 12 38 39 

Optimal solution found (tolerance 1.00e-04)
Best objective 9.000000000000e+00, best bound 9.000000000000e+00, gap 0.0000%
     LP=7.8800  obj=9.0  nodes=154  time=7.24s  [OPT]
  -- F3
Set parameter OutputFlag to value 1
Set parameter TimeLimit to value 120
Gurobi Optimizer version 12.0.3 build v12.0.3rc0 (mac64[arm] - Darwin 25.4.0 25E253)

CPU model: Apple M2
Thread count: 8 physical cores, 8 logical processors, using up to 8 threads

Non-default parameters:
TimeLimit  120

Optimize a model with 40 rows, 4209 columns and 14939 nonzeros
Model fingerprint: 0x8e2ce06f
Variable types: 0 continuous, 4209 integer (4209 binary)
Coefficient statistics:
  Matrix range     [1e+00, 1e+00]
  Objective range  [1e+00, 1e+00]
  Bounds range     [1e+00, 1e+00]
  RHS range        [1e+00, 1e+00]
Found heuristic solution: objective 40.0000000
Presolve time: 0.03s
Presolved: 40 rows, 4209 columns, 14939 nonzeros
Variable types: 0 continuous, 4209 integer (4209 binary)

Root relaxation: objective 8.118712e+00, 233 iterations, 0.03 seconds (0.02 work units)

    Nodes    |    Current Node    |     Objective Bounds      |     Work
 Expl Unexpl |  Obj  Depth IntInf | Incumbent    BestBd   Gap | It/Node Time

     0     0    8.11871    0   40   40.00000    8.11871  79.7%     -    0s
H    0     0                      16.0000000    8.11871  49.3%     -    0s
H    0     0                      11.0000000    8.11871  26.2%     -    0s
H    0     0                      10.0000000    8.11871  18.8%     -    0s
H    0     0                       9.0000000    8.11871  9.79%     -    0s
     0     0    8.11871    0   40    9.00000    8.11871  9.79%     -    0s

Explored 1 nodes (234 simplex iterations) in 0.14 seconds (0.08 work units)
Thread count was 8 (of 8 available processors)

Solution count 5: 9 10 11 ... 40

Optimal solution found (tolerance 1.00e-04)
Best objective 9.000000000000e+00, best bound 9.000000000000e+00, gap 0.0000%
     LP=8.1187  obj=9.0  nodes=1  time=0.14s  [OPT]
     groupings=4209  enum=0.03s

[instance_04]  m=60  n=60  R=25
  -- F1
Set parameter OutputFlag to value 1
Set parameter TimeLimit to value 120
Gurobi Optimizer version 12.0.3 build v12.0.3rc0 (mac64[arm] - Darwin 25.4.0 25E253)

CPU model: Apple M2
Thread count: 8 physical cores, 8 logical processors, using up to 8 threads

Non-default parameters:
TimeLimit  120

Optimize a model with 53339 rows, 3660 columns and 113698 nonzeros
Model fingerprint: 0x871f2a82
Variable types: 0 continuous, 3660 integer (3660 binary)
Coefficient statistics:
  Matrix range     [1e+00, 2e+01]
  Objective range  [1e+00, 1e+00]
  Bounds range     [1e+00, 1e+00]
  RHS range        [1e+00, 1e+00]
Found heuristic solution: objective 60.0000000
Presolve removed 42549 rows and 2 columns
Presolve time: 0.43s
Presolved: 10790 rows, 3658 columns, 76335 nonzeros
Variable types: 0 continuous, 3658 integer (3658 binary)

Root relaxation: objective 1.284000e+01, 5235 iterations, 1.46 seconds (1.37 work units)
Total elapsed time = 5.13s (DegenMoves)

    Nodes    |    Current Node    |     Objective Bounds      |     Work
 Expl Unexpl |  Obj  Depth IntInf | Incumbent    BestBd   Gap | It/Node Time

     0     0   12.84000    0  196   60.00000   12.84000  78.6%     -    5s
     0     0   13.00000    0  122   60.00000   13.00000  78.3%     -    6s
H    0     0                      15.0000000   13.00000  13.3%     -    6s
H    0     0                      14.0000000   13.00000  7.14%     -    6s
     0     0   13.00000    0  178   14.00000   13.00000  7.14%     -    6s
     0     0   13.00000    0  130   14.00000   13.00000  7.14%     -    7s
     0     0   13.00000    0  185   14.00000   13.00000  7.14%     -    7s
     0     0   13.00000    0  159   14.00000   13.00000  7.14%     -    7s
     0     0   13.00000    0  155   14.00000   13.00000  7.14%     -    7s
     0     0   13.00000    0    8   14.00000   13.00000  7.14%     -    7s
     0     0   13.00000    0  111   14.00000   13.00000  7.14%     -    7s
     0     0   13.00000    0   67   14.00000   13.00000  7.14%     -    7s
     0     0   13.00000    0   57   14.00000   13.00000  7.14%     -    7s
     0     0   13.00000    0   69   14.00000   13.00000  7.14%     -    8s
     0     0   13.00000    0   80   14.00000   13.00000  7.14%     -    8s
     0     0   13.00000    0   79   14.00000   13.00000  7.14%     -    8s
     0     0   13.00000    0   79   14.00000   13.00000  7.14%     -    8s
     0     2   13.00000    0   79   14.00000   13.00000  7.14%     -    8s
  1491   849 infeasible   41        14.00000   13.00000  7.14%  63.4   10s
  3196  1311   13.00000   24   58   14.00000   13.00000  7.14%  78.5   15s
  5882  1558   13.00000   41   61   14.00000   13.00000  7.14%  76.9   20s
 11825  3611   13.00000   44   61   14.00000   13.00000  7.14%  71.5   25s
 15993  4517 infeasible   55        14.00000   13.00000  7.14%  70.1   30s
 19597  5087   13.00000   44   34   14.00000   13.00000  7.14%  69.9   35s
 24655  6138 infeasible   62        14.00000   13.00000  7.14%  68.6   40s
 29177  7208   13.00000   60   55   14.00000   13.00000  7.14%  69.2   58s
 31734  7567   13.00000   41   85   14.00000   13.00000  7.14%  69.8   60s
 36120  8319 infeasible   58        14.00000   13.00000  7.14%  71.3   66s
 37674  8715   13.00000   55   70   14.00000   13.00000  7.14%  71.7   70s
 41993  9387 infeasible   49        14.00000   13.00000  7.14%  72.8   75s
 46277 10092   13.00000   62   57   14.00000   13.00000  7.14%  73.7   80s
 49316 10799 infeasible   52        14.00000   13.00000  7.14%  74.3   85s
 52584 11181 infeasible   56        14.00000   13.00000  7.14%  74.7   90s
 55314 12513 infeasible   62        14.00000   13.00000  7.14%  75.2   95s
 60033 13888   13.00000   63   42   14.00000   13.00000  7.14%  74.6  100s
 64876 14951   13.00000   50   71   14.00000   13.00000  7.14%  74.5  105s
 68906 16041 infeasible   63        14.00000   13.00000  7.14%  74.2  110s
 74668 17335   13.00000   45   52   14.00000   13.00000  7.14%  73.9  115s
 79821 18411   13.00000   56   36   14.00000   13.00000  7.14%  73.7  120s

Cutting planes:
  Gomory: 1
  Cover: 13
  Clique: 21
  MIR: 20
  StrongCG: 3
  Flow cover: 12
  GUB cover: 16
  Zero half: 28
  RLT: 2
  Relax-and-lift: 2

Explored 79831 nodes (5911083 simplex iterations) in 120.02 seconds (91.68 work units)
Thread count was 8 (of 8 available processors)

Solution count 3: 14 15 60 

Time limit reached
Best objective 1.400000000000e+01, best bound 1.300000000000e+01, gap 7.1429%
     LP=12.8400  obj=14.0  nodes=79831  time=120.02s  [TL]
  -- F2
Set parameter OutputFlag to value 1
Set parameter TimeLimit to value 120
Gurobi Optimizer version 12.0.3 build v12.0.3rc0 (mac64[arm] - Darwin 25.4.0 25E253)

CPU model: Apple M2
Thread count: 8 physical cores, 8 logical processors, using up to 8 threads

Non-default parameters:
TimeLimit  120

Optimize a model with 116939 rows, 3660 columns and 633598 nonzeros
Model fingerprint: 0x4fd6e4a8
Variable types: 0 continuous, 3660 integer (3660 binary)
Coefficient statistics:
  Matrix range     [1e+00, 2e+01]
  Objective range  [1e+00, 1e+00]
  Bounds range     [1e+00, 1e+00]
  RHS range        [1e+00, 1e+00]
Found heuristic solution: objective 60.0000000
Presolve time: 1.71s
Presolved: 116939 rows, 3660 columns, 643335 nonzeros
Variable types: 0 continuous, 3660 integer (3660 binary)
Root relaxation presolved: 3660 rows, 120599 columns, 646995 nonzeros


Root relaxation: objective 1.284000e+01, 7024 iterations, 1.29 seconds (1.93 work units)
Total elapsed time = 10.22s (DegenMoves)
Total elapsed time = 16.12s (DegenMoves)

    Nodes    |    Current Node    |     Objective Bounds      |     Work
 Expl Unexpl |  Obj  Depth IntInf | Incumbent    BestBd   Gap | It/Node Time

     0     0   12.84000    0  295   60.00000   12.84000  78.6%     -   18s
     0     0   13.00000    0  211   60.00000   13.00000  78.3%     -   20s
H    0     0                      44.0000000   13.00000  70.5%     -   20s
H    0     0                      16.0000000   13.00000  18.8%     -   20s
H    0     0                      15.0000000   13.00000  13.3%     -   20s
H    0     0                      14.0000000   13.00000  7.14%     -   20s
     0     0   13.00000    0  201   14.00000   13.00000  7.14%     -   22s
     0     0   13.00000    0  213   14.00000   13.00000  7.14%     -   29s
     0     0   13.00000    0  216   14.00000   13.00000  7.14%     -   29s
     0     0   13.00000    0  182   14.00000   13.00000  7.14%     -   31s
     0     0   13.00000    0  170   14.00000   13.00000  7.14%     -   32s
     0     0   13.00000    0   44   14.00000   13.00000  7.14%     -   34s
     0     0   13.00000    0  156   14.00000   13.00000  7.14%     -   34s
     0     0   13.00000    0  151   14.00000   13.00000  7.14%     -   34s
     0     0   13.00000    0   59   14.00000   13.00000  7.14%     -   36s
     0     0   13.00000    0   84   14.00000   13.00000  7.14%     -   36s
     0     0   13.00000    0  120   14.00000   13.00000  7.14%     -   38s
     0     0   13.00000    0  120   14.00000   13.00000  7.14%     -   38s
     0     0   13.00000    0   34   14.00000   13.00000  7.14%     -   39s
     0     0   13.00000    0   63   14.00000   13.00000  7.14%     -   39s
     0     0   13.00000    0  154   14.00000   13.00000  7.14%     -   41s
     0     0   13.00000    0  154   14.00000   13.00000  7.14%     -   41s
     0     0   13.00000    0  133   14.00000   13.00000  7.14%     -   42s
     0     0   13.00000    0  124   14.00000   13.00000  7.14%     -   42s
     0     0   13.00000    0  104   14.00000   13.00000  7.14%     -   43s
     0     0   13.00000    0    4   14.00000   13.00000  7.14%     -   43s
     0     2   13.00000    0    4   14.00000   13.00000  7.14%     -   43s
     3     8   13.00000    2    6   14.00000   13.00000  7.14%   160   45s
   123   442   13.00000   15   61   14.00000   13.00000  7.14%   367   53s
   596   740   13.00000   33   35   14.00000   13.00000  7.14%   201   58s
  1450   773 infeasible   31        14.00000   13.00000  7.14%   146   60s
  1814   918   13.00000   31   79   14.00000   13.00000  7.14%   146   66s
  2027  1115   13.00000   23  107   14.00000   13.00000  7.14%   147   70s
  3027  1286   13.00000   27  201   14.00000   13.00000  7.14%   151   75s
  3034  1291   13.00000   33   41   14.00000   13.00000  7.14%   150   80s
  3038  1293   13.00000   24   36   14.00000   13.00000  7.14%   150   86s
H 3041  1230                      13.0000000   13.00000  0.00%   150   90s

Cutting planes:
  Cover: 8
  MIR: 1
  Zero half: 1
  RLT: 1
  Relax-and-lift: 3

Explored 3041 nodes (558015 simplex iterations) in 90.78 seconds (80.80 work units)
Thread count was 8 (of 8 available processors)

Solution count 6: 13 14 15 ... 60

Optimal solution found (tolerance 1.00e-04)
Best objective 1.300000000000e+01, best bound 1.300000000000e+01, gap 0.0000%
     LP=12.8400  obj=13.0  nodes=3041  time=90.79s  [OPT]
  -- F3
Set parameter OutputFlag to value 1
Set parameter TimeLimit to value 120
Gurobi Optimizer version 12.0.3 build v12.0.3rc0 (mac64[arm] - Darwin 25.4.0 25E253)

CPU model: Apple M2
Thread count: 8 physical cores, 8 logical processors, using up to 8 threads

Non-default parameters:
TimeLimit  120

Optimize a model with 60 rows, 13667 columns and 50444 nonzeros
Model fingerprint: 0x0eea4a3a
Variable types: 0 continuous, 13667 integer (13667 binary)
Coefficient statistics:
  Matrix range     [1e+00, 1e+00]
  Objective range  [1e+00, 1e+00]
  Bounds range     [1e+00, 1e+00]
  RHS range        [1e+00, 1e+00]
Found heuristic solution: objective 60.0000000
Presolve time: 0.05s
Presolved: 60 rows, 13667 columns, 50444 nonzeros
Variable types: 0 continuous, 13667 integer (13667 binary)

Root relaxation: objective 1.284000e+01, 435 iterations, 0.09 seconds (0.13 work units)

    Nodes    |    Current Node    |     Objective Bounds      |     Work
 Expl Unexpl |  Obj  Depth IntInf | Incumbent    BestBd   Gap | It/Node Time

     0     0   12.84000    0   53   60.00000   12.84000  78.6%     -    0s
H    0     0                      28.0000000   12.84000  54.1%     -    0s
H    0     0                      15.0000000   12.84000  14.4%     -    0s
H    0     0                      14.0000000   12.84000  8.29%     -    0s
     0     0   12.84000    0   64   14.00000   12.84000  8.29%     -    0s
     0     0   12.84000    0   57   14.00000   12.84000  8.29%     -    0s
H    0     0                      13.0000000   12.84000  1.23%     -    0s
     0     0   12.84000    0   57   13.00000   12.84000  1.23%     -    0s

Explored 1 nodes (3517 simplex iterations) in 0.76 seconds (0.65 work units)
Thread count was 8 (of 8 available processors)

Solution count 5: 13 14 15 ... 60

Optimal solution found (tolerance 1.00e-04)
Best objective 1.300000000000e+01, best bound 1.300000000000e+01, gap 0.0000%
     LP=12.8400  obj=13.0  nodes=1  time=0.76s  [OPT]
     groupings=13667  enum=0.11s

[instance_05]  m=63  n=63  R=25
  -- F1
Set parameter OutputFlag to value 1
Set parameter TimeLimit to value 120
Gurobi Optimizer version 12.0.3 build v12.0.3rc0 (mac64[arm] - Darwin 25.4.0 25E253)

CPU model: Apple M2
Thread count: 8 physical cores, 8 logical processors, using up to 8 threads

Non-default parameters:
TimeLimit  120

Optimize a model with 59849 rows, 4032 columns and 127447 nonzeros
Model fingerprint: 0x52251451
Variable types: 0 continuous, 4032 integer (4032 binary)
Coefficient statistics:
  Matrix range     [1e+00, 2e+01]
  Objective range  [1e+00, 1e+00]
  Bounds range     [1e+00, 1e+00]
  RHS range        [1e+00, 1e+00]
Found heuristic solution: objective 62.0000000
Presolve removed 47252 rows and 2 columns
Presolve time: 0.40s
Presolved: 12597 rows, 4030 columns, 82324 nonzeros
Variable types: 0 continuous, 4030 integer (4030 binary)

Root relaxation: objective 1.240000e+01, 2929 iterations, 0.70 seconds (1.06 work units)
Total elapsed time = 6.40s (DegenMoves)
Total elapsed time = 11.56s (DegenMoves)

    Nodes    |    Current Node    |     Objective Bounds      |     Work
 Expl Unexpl |  Obj  Depth IntInf | Incumbent    BestBd   Gap | It/Node Time

     0     0   12.40000    0   78   62.00000   12.40000  80.0%     -   13s
     0     0   13.00000    0   71   62.00000   13.00000  79.0%     -   14s
H    0     0                      23.0000000   13.00000  43.5%     -   14s
H    0     0                      18.0000000   13.00000  27.8%     -   14s
H    0     0                      14.0000000   13.00000  7.14%     -   14s
     0     0   13.00000    0  109   14.00000   13.00000  7.14%     -   14s
H    0     0                      13.0000000   13.00000  0.00%     -   14s

Explored 1 nodes (52704 simplex iterations) in 14.46 seconds (17.55 work units)
Thread count was 8 (of 8 available processors)

Solution count 5: 13 14 18 ... 62

Optimal solution found (tolerance 1.00e-04)
Best objective 1.300000000000e+01, best bound 1.300000000000e+01, gap 0.0000%
     LP=12.4000  obj=13.0  nodes=1  time=14.46s  [OPT]
  -- F2
Set parameter OutputFlag to value 1
Set parameter TimeLimit to value 120
Gurobi Optimizer version 12.0.3 build v12.0.3rc0 (mac64[arm] - Darwin 25.4.0 25E253)

CPU model: Apple M2
Thread count: 8 physical cores, 8 logical processors, using up to 8 threads

Non-default parameters:
TimeLimit  120

Optimize a model with 134945 rows, 4032 columns and 697849 nonzeros
Model fingerprint: 0x6aac5f6a
Variable types: 0 continuous, 4032 integer (4032 binary)
Coefficient statistics:
  Matrix range     [1e+00, 2e+01]
  Objective range  [1e+00, 1e+00]
  Bounds range     [1e+00, 1e+00]
  RHS range        [1e+00, 1e+00]
Found heuristic solution: objective 62.0000000
Presolve removed 1 rows and 2 columns
Presolve time: 2.05s
Presolved: 134944 rows, 4030 columns, 708665 nonzeros
Variable types: 0 continuous, 4030 integer (4030 binary)
Root relaxation presolved: 4030 rows, 138974 columns, 712695 nonzeros


Root relaxation: objective 1.240000e+01, 7809 iterations, 1.71 seconds (2.56 work units)
Total elapsed time = 6.79s (DegenMoves)
Total elapsed time = 12.81s (DegenMoves)

    Nodes    |    Current Node    |     Objective Bounds      |     Work
 Expl Unexpl |  Obj  Depth IntInf | Incumbent    BestBd   Gap | It/Node Time

     0     0   12.40000    0  288   62.00000   12.40000  80.0%     -   16s
     0     0   13.00000    0  198   62.00000   13.00000  79.0%     -   19s
H    0     0                      43.0000000   13.00000  69.8%     -   19s
H    0     0                      17.0000000   13.00000  23.5%     -   19s
H    0     0                      14.0000000   13.00000  7.14%     -   19s
     0     0   13.00000    0  214   14.00000   13.00000  7.14%     -   20s
     0     0   13.00000    0   22   14.00000   13.00000  7.14%     -   27s
H    0     0                      13.0000000   13.00000  0.00%     -   27s
     0     0   13.00000    0   57   13.00000   13.00000  0.00%     -   27s

Cutting planes:
  Gomory: 11
  Cover: 5
  MIR: 4
  StrongCG: 2
  GUB cover: 3
  Zero half: 3
  RLT: 4
  Relax-and-lift: 1

Explored 1 nodes (35617 simplex iterations) in 27.63 seconds (35.82 work units)
Thread count was 8 (of 8 available processors)

Solution count 5: 13 14 17 ... 62

Optimal solution found (tolerance 1.00e-04)
Best objective 1.300000000000e+01, best bound 1.300000000000e+01, gap 0.0000%
     LP=12.4000  obj=13.0  nodes=1  time=27.63s  [OPT]
  -- F3
Set parameter OutputFlag to value 1
Set parameter TimeLimit to value 120
Gurobi Optimizer version 12.0.3 build v12.0.3rc0 (mac64[arm] - Darwin 25.4.0 25E253)

CPU model: Apple M2
Thread count: 8 physical cores, 8 logical processors, using up to 8 threads

Non-default parameters:
TimeLimit  120

Optimize a model with 63 rows, 21703 columns and 84770 nonzeros
Model fingerprint: 0x4a6a2a5c
Variable types: 0 continuous, 21703 integer (21703 binary)
Coefficient statistics:
  Matrix range     [1e+00, 1e+00]
  Objective range  [1e+00, 1e+00]
  Bounds range     [1e+00, 1e+00]
  RHS range        [1e+00, 1e+00]
Found heuristic solution: objective 63.0000000
Presolve time: 0.07s
Presolved: 63 rows, 21703 columns, 84770 nonzeros
Variable types: 0 continuous, 21703 integer (21703 binary)

Root relaxation: objective 1.240000e+01, 527 iterations, 0.18 seconds (0.30 work units)

    Nodes    |    Current Node    |     Objective Bounds      |     Work
 Expl Unexpl |  Obj  Depth IntInf | Incumbent    BestBd   Gap | It/Node Time

     0     0   12.40000    0   62   63.00000   12.40000  80.3%     -    0s
H    0     0                      27.0000000   12.40000  54.1%     -    0s
H    0     0                      14.0000000   12.40000  11.4%     -    0s
H    0     0                      13.0000000   12.40000  4.62%     -    0s
     0     0   12.40000    0   62   13.00000   12.40000  4.62%     -    0s

Explored 1 nodes (2129 simplex iterations) in 0.52 seconds (0.59 work units)
Thread count was 8 (of 8 available processors)

Solution count 4: 13 14 27 63 

Optimal solution found (tolerance 1.00e-04)
Best objective 1.300000000000e+01, best bound 1.300000000000e+01, gap 0.0000%
     LP=12.4000  obj=13.0  nodes=1  time=0.52s  [OPT]
     groupings=21703  enum=0.15s

[instance_06]  m=65  n=65  R=25
  -- F1
Set parameter OutputFlag to value 1
Set parameter TimeLimit to value 120
Gurobi Optimizer version 12.0.3 build v12.0.3rc0 (mac64[arm] - Darwin 25.4.0 25E253)

CPU model: Apple M2
Thread count: 8 physical cores, 8 logical processors, using up to 8 threads

Non-default parameters:
TimeLimit  120

Optimize a model with 68899 rows, 4290 columns and 146053 nonzeros
Model fingerprint: 0xc4e9510f
Variable types: 0 continuous, 4290 integer (4290 binary)
Coefficient statistics:
  Matrix range     [1e+00, 2e+01]
  Objective range  [1e+00, 1e+00]
  Bounds range     [1e+00, 1e+00]
  RHS range        [1e+00, 1e+00]
Found heuristic solution: objective 65.0000000
Presolve removed 55382 rows and 2 columns
Presolve time: 0.44s
Presolved: 13517 rows, 4288 columns, 91706 nonzeros
Variable types: 0 continuous, 4288 integer (4288 binary)

Root relaxation: objective 1.288000e+01, 6160 iterations, 1.97 seconds (2.58 work units)
Total elapsed time = 9.31s (DegenMoves)
Total elapsed time = 12.53s (DegenMoves)

    Nodes    |    Current Node    |     Objective Bounds      |     Work
 Expl Unexpl |  Obj  Depth IntInf | Incumbent    BestBd   Gap | It/Node Time

     0     0   12.88000    0  751   65.00000   12.88000  80.2%     -   14s
     0     0   13.00000    0  201   65.00000   13.00000  80.0%     -   14s
H    0     0                      47.0000000   13.00000  72.3%     -   14s
H    0     0                      19.0000000   13.00000  31.6%     -   14s
H    0     0                      17.0000000   13.00000  23.5%     -   14s
H    0     0                      16.0000000   13.00000  18.8%     -   14s
H    0     0                      15.0000000   13.00000  13.3%     -   14s
     0     0   13.00000    0  166   15.00000   13.00000  13.3%     -   15s
     0     0   13.00000    0  219   15.00000   13.00000  13.3%     -   15s
     0     0   13.00000    0  223   15.00000   13.00000  13.3%     -   16s
     0     0   13.00000    0  212   15.00000   13.00000  13.3%     -   16s
     0     0   13.00000    0  132   15.00000   13.00000  13.3%     -   16s
     0     0   13.00000    0  128   15.00000   13.00000  13.3%     -   16s
     0     0   13.00000    0  145   15.00000   13.00000  13.3%     -   16s
     0     0   13.00000    0  134   15.00000   13.00000  13.3%     -   17s
     0     0   13.00000    0  151   15.00000   13.00000  13.3%     -   17s
     0     0   13.00000    0  144   15.00000   13.00000  13.3%     -   17s
     0     0   13.00000    0  164   15.00000   13.00000  13.3%     -   17s
     0     0   13.00000    0  162   15.00000   13.00000  13.3%     -   17s
     0     0   13.00000    0  120   15.00000   13.00000  13.3%     -   17s
     0     0   13.00000    0  120   15.00000   13.00000  13.3%     -   17s
     0     2   13.00000    0  120   15.00000   13.00000  13.3%     -   18s
   197   182   14.00000   22  103   15.00000   13.00000  13.3%   184   20s
*  880   688              60      14.0000000   13.00000  7.14%   132   23s
   974   372   13.00000   28  140   14.00000   13.00000  7.14%   133   25s
  1052   478   13.00000   26  119   14.00000   13.00000  7.14%   170   30s
  1767   964   13.00000   45   73   14.00000   13.00000  7.14%   146   35s
  3033  1044 infeasible   55        14.00000   13.00000  7.14%   122   41s
  5215  1308   13.00000   47   85   14.00000   13.00000  7.14%   115   45s
  7338  2013   13.00000   46   78   14.00000   13.00000  7.14%   113   50s
  9000  2445   13.00000   46   83   14.00000   13.00000  7.14%   113   55s
 11549  2971 infeasible   57        14.00000   13.00000  7.14%   114   60s
 13853  3327   13.00000   43   92   14.00000   13.00000  7.14%   115   65s
 14572  3711 infeasible   61        14.00000   13.00000  7.14%   115   75s
 19153  3997 infeasible   50        14.00000   13.00000  7.14%   115   81s
 20373  4078 infeasible   58        14.00000   13.00000  7.14%   115   85s
 21853  4177   13.00000   46   98   14.00000   13.00000  7.14%   115   91s
 23882  4416   13.00000   44   83   14.00000   13.00000  7.14%   116   95s
 27046  4667   13.00000   38  123   14.00000   13.00000  7.14%   116  101s
 28059  4769 infeasible   54        14.00000   13.00000  7.14%   116  105s

Cutting planes:
  Cover: 3
  Clique: 14
  MIR: 2
  StrongCG: 1
  Flow cover: 1
  GUB cover: 1
  Zero half: 2
  RLT: 1
  Relax-and-lift: 3

Explored 29462 nodes (3462257 simplex iterations) in 120.08 seconds (98.00 work units)
Thread count was 8 (of 8 available processors)

Solution count 7: 14 15 16 ... 65

Time limit reached
Best objective 1.400000000000e+01, best bound 1.300000000000e+01, gap 7.1429%
     LP=12.8800  obj=14.0  nodes=29462  time=120.08s  [TL]
  -- F2
Set parameter OutputFlag to value 1
Set parameter TimeLimit to value 120
Gurobi Optimizer version 12.0.3 build v12.0.3rc0 (mac64[arm] - Darwin 25.4.0 25E253)

CPU model: Apple M2
Thread count: 8 physical cores, 8 logical processors, using up to 8 threads

Non-default parameters:
TimeLimit  120

Optimize a model with 180634 rows, 4290 columns and 995733 nonzeros
Model fingerprint: 0x01dda809
Variable types: 0 continuous, 4290 integer (4290 binary)
Coefficient statistics:
  Matrix range     [1e+00, 2e+01]
  Objective range  [1e+00, 1e+00]
  Bounds range     [1e+00, 1e+00]
  RHS range        [1e+00, 1e+00]
Found heuristic solution: objective 65.0000000
Presolve time: 2.79s
Presolved: 180634 rows, 4290 columns, 1006638 nonzeros
Variable types: 0 continuous, 4290 integer (4290 binary)
Root relaxation presolved: 4290 rows, 184924 columns, 1010928 nonzeros


Root simplex log...

Iteration    Objective       Primal Inf.    Dual Inf.      Time
    7700    1.2905227e+01   0.000000e+00   4.519609e+03      5s
   11495    1.2880000e+01   0.000000e+00   0.000000e+00      6s
   11495    1.2880000e+01   0.000000e+00   0.000000e+00      6s
   11495    1.2880000e+01   0.000000e+00   0.000000e+00      6s

Root relaxation: objective 1.288000e+01, 11495 iterations, 2.77 seconds (4.00 work units)
Total elapsed time = 11.60s (DegenMoves)
Total elapsed time = 20.61s (DegenMoves)

    Nodes    |    Current Node    |     Objective Bounds      |     Work
 Expl Unexpl |  Obj  Depth IntInf | Incumbent    BestBd   Gap | It/Node Time

     0     0   12.88000    0  138   65.00000   12.88000  80.2%     -   23s
     0     0   13.00000    0  217   65.00000   13.00000  80.0%     -   25s
H    0     0                      29.0000000   13.00000  55.2%     -   25s
H    0     0                      16.0000000   13.00000  18.8%     -   25s
H    0     0                      14.0000000   13.00000  7.14%     -   25s
     0     0   13.00000    0  210   14.00000   13.00000  7.14%     -   27s
     0     0   13.00000    0  180   14.00000   13.00000  7.14%     -   41s
     0     0   13.00000    0  245   14.00000   13.00000  7.14%     -   42s
     0     0   13.00000    0  180   14.00000   13.00000  7.14%     -   44s
     0     0   13.00000    0  192   14.00000   13.00000  7.14%     -   44s
     0     0   13.00000    0  136   14.00000   13.00000  7.14%     -   49s
     0     0   13.00000    0  180   14.00000   13.00000  7.14%     -   50s
     0     0   13.00000    0  167   14.00000   13.00000  7.14%     -   50s
     0     0   13.00000    0  138   14.00000   13.00000  7.14%     -   51s
     0     0   13.00000    0  130   14.00000   13.00000  7.14%     -   51s
     0     0   13.00000    0  138   14.00000   13.00000  7.14%     -   52s
     0     0   13.00000    0  137   14.00000   13.00000  7.14%     -   52s
     0     0   13.00000    0  137   14.00000   13.00000  7.14%     -   55s
     0     0   13.00000    0  171   14.00000   13.00000  7.14%     -   55s
     0     0   13.00000    0  140   14.00000   13.00000  7.14%     -   57s
     0     0   13.00000    0  139   14.00000   13.00000  7.14%     -   57s
     0     0   13.00000    0   74   14.00000   13.00000  7.14%     -   59s
     0     0   13.00000    0  122   14.00000   13.00000  7.14%     -   59s
     0     0   13.00000    0  114   14.00000   13.00000  7.14%     -   61s
     0     0   13.00000    0  114   14.00000   13.00000  7.14%     -   62s
     0     2   13.00000    0  114   14.00000   13.00000  7.14%     -   65s
    49   150   13.00000    6  156   14.00000   13.00000  7.14%   443   70s
   416   637 infeasible   18        14.00000   13.00000  7.14%   216   85s
  1059   818 infeasible   35        14.00000   13.00000  7.14%   167   92s
  1555   852 infeasible   23        14.00000   13.00000  7.14%   157   98s
  1667   936   13.00000   26  106   14.00000   13.00000  7.14%   155  105s
  1921  1009   13.00000   40   92   14.00000   13.00000  7.14%   152  112s
  2266  1103 infeasible   34        14.00000   13.00000  7.14%   149  119s
  2812  1109   13.00000   20  101   14.00000   13.00000  7.14%   150  120s

Cutting planes:
  Gomory: 2
  Cover: 167
  MIR: 22
  StrongCG: 3
  GUB cover: 11
  Zero half: 18
  RLT: 3
  Relax-and-lift: 12

Explored 2826 nodes (516318 simplex iterations) in 120.04 seconds (112.57 work units)
Thread count was 8 (of 8 available processors)

Solution count 4: 14 16 29 65 

Time limit reached
Best objective 1.400000000000e+01, best bound 1.300000000000e+01, gap 7.1429%
     LP=12.8800  obj=14.0  nodes=2826  time=120.05s  [TL]
  -- F3
Set parameter OutputFlag to value 1
Set parameter TimeLimit to value 120
Gurobi Optimizer version 12.0.3 build v12.0.3rc0 (mac64[arm] - Darwin 25.4.0 25E253)

CPU model: Apple M2
Thread count: 8 physical cores, 8 logical processors, using up to 8 threads

Non-default parameters:
TimeLimit  120

Optimize a model with 65 rows, 18516 columns and 70484 nonzeros
Model fingerprint: 0x2c3ee0c7
Variable types: 0 continuous, 18516 integer (18516 binary)
Coefficient statistics:
  Matrix range     [1e+00, 1e+00]
  Objective range  [1e+00, 1e+00]
  Bounds range     [1e+00, 1e+00]
  RHS range        [1e+00, 1e+00]
Found heuristic solution: objective 65.0000000
Presolve time: 0.06s
Presolved: 65 rows, 18516 columns, 70484 nonzeros
Variable types: 0 continuous, 18516 integer (18516 binary)

Root relaxation: objective 1.288000e+01, 531 iterations, 0.14 seconds (0.24 work units)

    Nodes    |    Current Node    |     Objective Bounds      |     Work
 Expl Unexpl |  Obj  Depth IntInf | Incumbent    BestBd   Gap | It/Node Time

     0     0   12.88000    0   63   65.00000   12.88000  80.2%     -    0s
H    0     0                      28.0000000   12.88000  54.0%     -    0s
H    0     0                      14.0000000   12.88000  8.00%     -    0s
     0     0   12.88000    0   69   14.00000   12.88000  8.00%     -    0s
     0     0   12.88000    0   57   14.00000   12.88000  8.00%     -    0s
     0     0   12.88000    0   71   14.00000   12.88000  8.00%     -    1s
     0     0   12.88000    0   59   14.00000   12.88000  8.00%     -    1s
     0     0   12.88000    0   65   14.00000   12.88000  8.00%     -    2s
     0     0   12.88000    0   56   14.00000   12.88000  8.00%     -    2s
     0     0   12.88000    0   63   14.00000   12.88000  8.00%     -    2s
     0     0   12.88000    0   65   14.00000   12.88000  8.00%     -    2s
     0     0   12.88000    0   67   14.00000   12.88000  8.00%     -    2s
     0     0   12.88000    0   61   14.00000   12.88000  8.00%     -    2s
     0     0   12.88000    0   61   14.00000   12.88000  8.00%     -    2s
     0     2   12.92000    0   58   14.00000   12.92000  7.71%     -    3s
*  388   316              29      13.0000000   12.92000  0.62%  35.4    4s

Cutting planes:
  Clique: 19

Explored 413 nodes (26176 simplex iterations) in 4.11 seconds (3.15 work units)
Thread count was 8 (of 8 available processors)

Solution count 4: 13 14 28 65 

Optimal solution found (tolerance 1.00e-04)
Best objective 1.300000000000e+01, best bound 1.300000000000e+01, gap 0.0000%
     LP=12.8800  obj=13.0  nodes=413  time=4.11s  [OPT]
     groupings=18516  enum=0.15s

[instance_07]  m=68  n=68  R=25
  -- F1
Set parameter OutputFlag to value 1
Set parameter TimeLimit to value 120
Gurobi Optimizer version 12.0.3 build v12.0.3rc0 (mac64[arm] - Darwin 25.4.0 25E253)

CPU model: Apple M2
Thread count: 8 physical cores, 8 logical processors, using up to 8 threads

Non-default parameters:
TimeLimit  120

Optimize a model with 75615 rows, 4692 columns and 160274 nonzeros
Model fingerprint: 0xc33ce6fe
Variable types: 0 continuous, 4692 integer (4692 binary)
Coefficient statistics:
  Matrix range     [1e+00, 2e+01]
  Objective range  [1e+00, 1e+00]
  Bounds range     [1e+00, 1e+00]
  RHS range        [1e+00, 1e+00]
Found heuristic solution: objective 68.0000000
Presolve removed 61202 rows and 2 columns
Presolve time: 0.46s
Presolved: 14413 rows, 4690 columns, 97474 nonzeros
Variable types: 0 continuous, 4690 integer (4690 binary)

Root relaxation: objective 1.268000e+01, 5192 iterations, 1.41 seconds (1.91 work units)
Total elapsed time = 9.12s (DegenMoves)
Total elapsed time = 10.00s (DegenMoves)

    Nodes    |    Current Node    |     Objective Bounds      |     Work
 Expl Unexpl |  Obj  Depth IntInf | Incumbent    BestBd   Gap | It/Node Time

     0     0   12.68000    0  135   68.00000   12.68000  81.4%     -   10s
     0     0   13.00000    0  115   68.00000   13.00000  80.9%     -   10s
H    0     0                      17.0000000   13.00000  23.5%     -   10s
H    0     0                      16.0000000   13.00000  18.8%     -   10s
H    0     0                      15.0000000   13.00000  13.3%     -   10s
H    0     0                      14.0000000   13.00000  7.14%     -   11s
     0     0   13.00000    0  150   14.00000   13.00000  7.14%     -   16s
     0     0   13.00000    0  106   14.00000   13.00000  7.14%     -   17s
     0     0   13.00000    0  158   14.00000   13.00000  7.14%     -   17s
     0     0   13.00000    0  176   14.00000   13.00000  7.14%     -   18s
     0     0   13.00000    0  187   14.00000   13.00000  7.14%     -   18s
     0     0   13.00000    0   73   14.00000   13.00000  7.14%     -   18s
     0     0   13.00000    0  170   14.00000   13.00000  7.14%     -   18s
     0     0   13.00000    0  165   14.00000   13.00000  7.14%     -   18s
     0     0   13.00000    0  151   14.00000   13.00000  7.14%     -   19s
     0     0   13.00000    0  149   14.00000   13.00000  7.14%     -   19s
     0     0   13.00000    0  140   14.00000   13.00000  7.14%     -   19s
     0     0   13.00000    0  122   14.00000   13.00000  7.14%     -   19s
     0     0   13.00000    0  141   14.00000   13.00000  7.14%     -   19s
     0     0   13.00000    0  140   14.00000   13.00000  7.14%     -   19s
     0     0   13.00000    0  119   14.00000   13.00000  7.14%     -   20s
     0     0   13.00000    0  119   14.00000   13.00000  7.14%     -   20s
     0     2   13.00000    0  119   14.00000   13.00000  7.14%     -   20s
  1601   662   13.00000   34   79   14.00000   13.00000  7.14%  88.3   25s
* 3114   516              46      13.0000000   13.00000  0.00%  84.8   27s

Cutting planes:
  Cover: 301
  Clique: 36
  MIR: 18
  StrongCG: 2
  GUB cover: 8
  Zero half: 5
  RLT: 2
  Relax-and-lift: 5

Explored 3331 nodes (329736 simplex iterations) in 27.19 seconds (21.91 work units)
Thread count was 8 (of 8 available processors)

Solution count 6: 13 14 15 ... 68

Optimal solution found (tolerance 1.00e-04)
Best objective 1.300000000000e+01, best bound 1.300000000000e+01, gap 0.0000%
     LP=12.6800  obj=13.0  nodes=3331  time=27.19s  [OPT]
  -- F2
Set parameter OutputFlag to value 1
Set parameter TimeLimit to value 120
Gurobi Optimizer version 12.0.3 build v12.0.3rc0 (mac64[arm] - Darwin 25.4.0 25E253)

CPU model: Apple M2
Thread count: 8 physical cores, 8 logical processors, using up to 8 threads

Non-default parameters:
TimeLimit  120

Optimize a model with 183667 rows, 4692 columns and 996946 nonzeros
Model fingerprint: 0x8504cd58
Variable types: 0 continuous, 4692 integer (4692 binary)
Coefficient statistics:
  Matrix range     [1e+00, 2e+01]
  Objective range  [1e+00, 1e+00]
  Bounds range     [1e+00, 1e+00]
  RHS range        [1e+00, 1e+00]
Found heuristic solution: objective 68.0000000
Presolve time: 2.87s
Presolved: 183667 rows, 4692 columns, 1009553 nonzeros
Variable types: 0 continuous, 4692 integer (4692 binary)
Root relaxation presolved: 4692 rows, 188359 columns, 1014245 nonzeros


Root simplex log...

Iteration    Objective       Primal Inf.    Dual Inf.      Time
    8895    1.2709055e+01   0.000000e+00   5.713848e+01      5s
   10166    1.2680000e+01   0.000000e+00   0.000000e+00      5s
   10166    1.2680000e+01   0.000000e+00   0.000000e+00      5s
   10166    1.2680000e+01   0.000000e+00   0.000000e+00      5s

Root relaxation: objective 1.268000e+01, 10166 iterations, 2.31 seconds (3.39 work units)
Total elapsed time = 11.78s (DegenMoves)
Total elapsed time = 24.05s (DegenMoves)
Total elapsed time = 28.36s (DegenMoves)

    Nodes    |    Current Node    |     Objective Bounds      |     Work
 Expl Unexpl |  Obj  Depth IntInf | Incumbent    BestBd   Gap | It/Node Time

     0     0   12.68000    0  330   68.00000   12.68000  81.4%     -   32s
     0     0   13.00000    0  240   68.00000   13.00000  80.9%     -   36s
H    0     0                      58.0000000   13.00000  77.6%     -   36s
H    0     0                      18.0000000   13.00000  27.8%     -   36s
H    0     0                      14.0000000   13.00000  7.14%     -   36s
     0     0   13.00000    0  214   14.00000   13.00000  7.14%     -   38s
     0     0   13.00000    0  188   14.00000   13.00000  7.14%     -   51s
     0     0   13.00000    0  212   14.00000   13.00000  7.14%     -   52s
     0     0   13.00000    0  220   14.00000   13.00000  7.14%     -   55s
     0     0   13.00000    0   84   14.00000   13.00000  7.14%     -   63s
     0     0   13.00000    0  185   14.00000   13.00000  7.14%     -   64s
     0     0   13.00000    0  165   14.00000   13.00000  7.14%     -   64s
     0     0   13.00000    0  116   14.00000   13.00000  7.14%     -   67s
     0     0   13.00000    0  109   14.00000   13.00000  7.14%     -   68s
     0     0   13.00000    0  106   14.00000   13.00000  7.14%     -   70s
     0     0   13.00000    0  139   14.00000   13.00000  7.14%     -   71s
     0     0   13.00000    0   56   14.00000   13.00000  7.14%     -   76s
     0     0   13.00000    0  105   14.00000   13.00000  7.14%     -   76s
     0     0   13.00000    0  131   14.00000   13.00000  7.14%     -   77s
     0     0   13.00000    0  131   14.00000   13.00000  7.14%     -   78s
     0     0   13.00000    0  125   14.00000   13.00000  7.14%     -   79s
     0     0   13.00000    0  124   14.00000   13.00000  7.14%     -   79s
     0     0   13.00000    0  116   14.00000   13.00000  7.14%     -   81s
     0     0   13.00000    0  116   14.00000   13.00000  7.14%     -   82s
     0     2   13.00000    0  116   14.00000   13.00000  7.14%     -   85s
    62   184   13.00000    8  162   14.00000   13.00000  7.14%   328   91s
   185   437   13.00000   14  108   14.00000   13.00000  7.14%   231   96s
   635   752   13.00000   15   58   14.00000   13.00000  7.14%   183  101s
  1422   884   13.00000   24   66   14.00000   13.00000  7.14%   148  105s
  2161  1075   13.00000   34  121   14.00000   13.00000  7.14%   132  112s
  2368  1250   13.00000   34  111   14.00000   13.00000  7.14%   131  116s
H 2720   613                      13.0000000   13.00000  0.00%   130  116s

Cutting planes:
  Gomory: 1
  Cover: 221
  MIR: 24
  StrongCG: 3
  GUB cover: 7
  Inf proof: 1
  Zero half: 37
  Relax-and-lift: 4

Explored 3009 nodes (476611 simplex iterations) in 117.07 seconds (110.15 work units)
Thread count was 8 (of 8 available processors)

Solution count 5: 13 14 18 ... 68

Optimal solution found (tolerance 1.00e-04)
Best objective 1.300000000000e+01, best bound 1.300000000000e+01, gap 0.0000%
     LP=12.6800  obj=13.0  nodes=3009  time=117.08s  [OPT]
  -- F3
Set parameter OutputFlag to value 1
Set parameter TimeLimit to value 120
Gurobi Optimizer version 12.0.3 build v12.0.3rc0 (mac64[arm] - Darwin 25.4.0 25E253)

CPU model: Apple M2
Thread count: 8 physical cores, 8 logical processors, using up to 8 threads

Non-default parameters:
TimeLimit  120

Optimize a model with 68 rows, 30495 columns and 122576 nonzeros
Model fingerprint: 0x5aa6e471
Variable types: 0 continuous, 30495 integer (30495 binary)
Coefficient statistics:
  Matrix range     [1e+00, 1e+00]
  Objective range  [1e+00, 1e+00]
  Bounds range     [1e+00, 1e+00]
  RHS range        [1e+00, 1e+00]
Found heuristic solution: objective 68.0000000
Presolve time: 0.16s
Presolved: 68 rows, 30495 columns, 122576 nonzeros
Variable types: 0 continuous, 30495 integer (30495 binary)

Root relaxation: objective 1.268000e+01, 681 iterations, 0.40 seconds (0.52 work units)

    Nodes    |    Current Node    |     Objective Bounds      |     Work
 Expl Unexpl |  Obj  Depth IntInf | Incumbent    BestBd   Gap | It/Node Time

     0     0   12.68000    0   67   68.00000   12.68000  81.4%     -    0s
H    0     0                      27.0000000   12.68000  53.0%     -    0s
H    0     0                      15.0000000   12.68000  15.5%     -    0s
H    0     0                      14.0000000   12.68000  9.43%     -    1s
     0     0   12.68000    0   72   14.00000   12.68000  9.43%     -    1s
     0     0   12.68000    0   67   14.00000   12.68000  9.43%     -    2s
H    0     0                      13.0000000   12.68000  2.46%     -    2s
     0     0   12.68000    0   67   13.00000   12.68000  2.46%     -    2s

Explored 1 nodes (4532 simplex iterations) in 2.83 seconds (1.98 work units)
Thread count was 8 (of 8 available processors)

Solution count 5: 13 14 15 ... 68

Optimal solution found (tolerance 1.00e-04)
Best objective 1.300000000000e+01, best bound 1.300000000000e+01, gap 0.0000%
     LP=12.6800  obj=13.0  nodes=1  time=2.83s  [OPT]
     groupings=30495  enum=0.33s

[instance_08]  m=75  n=75  R=25
  -- F1
Set parameter OutputFlag to value 1
Set parameter TimeLimit to value 120
Gurobi Optimizer version 12.0.3 build v12.0.3rc0 (mac64[arm] - Darwin 25.4.0 25E253)

CPU model: Apple M2
Thread count: 8 physical cores, 8 logical processors, using up to 8 threads

Non-default parameters:
TimeLimit  120

Optimize a model with 103724 rows, 5700 columns and 218473 nonzeros
Model fingerprint: 0x4c237527
Variable types: 0 continuous, 5700 integer (5700 binary)
Coefficient statistics:
  Matrix range     [1e+00, 2e+01]
  Objective range  [1e+00, 1e+00]
  Bounds range     [1e+00, 1e+00]
  RHS range        [1e+00, 1e+00]
Found heuristic solution: objective 71.0000000
Presolve removed 84908 rows and 306 columns
Presolve time: 1.61s
Presolved: 18816 rows, 5394 columns, 120259 nonzeros
Variable types: 0 continuous, 5394 integer (5394 binary)

Root relaxation: objective 1.536000e+01, 4350 iterations, 2.21 seconds (2.23 work units)
Total elapsed time = 6.56s (DegenMoves)
Total elapsed time = 15.67s (DegenMoves)

    Nodes    |    Current Node    |     Objective Bounds      |     Work
 Expl Unexpl |  Obj  Depth IntInf | Incumbent    BestBd   Gap | It/Node Time

     0     0   15.36000    0  432   71.00000   15.36000  78.4%     -   19s
     0     0   16.00000    0  146   71.00000   16.00000  77.5%     -   19s
H    0     0                      67.0000000   16.00000  76.1%     -   19s
H    0     0                      20.0000000   16.00000  20.0%     -   19s
H    0     0                      19.0000000   16.00000  15.8%     -   19s
H    0     0                      18.0000000   16.00000  11.1%     -   19s
H    0     0                      17.0000000   16.00000  5.88%     -   19s
H    0     0                      16.0000000   16.00000  0.00%     -   20s

Cutting planes:
  Gomory: 3
  Cover: 4
  Clique: 30
  MIR: 4
  StrongCG: 1
  GUB cover: 4
  Zero half: 49
  Relax-and-lift: 1
  BQP: 5

Explored 1 nodes (46825 simplex iterations) in 20.54 seconds (26.38 work units)
Thread count was 8 (of 8 available processors)

Solution count 7: 16 17 18 ... 71

Optimal solution found (tolerance 1.00e-04)
Best objective 1.600000000000e+01, best bound 1.600000000000e+01, gap 0.0000%
     LP=15.3600  obj=16.0  nodes=1  time=20.55s  [OPT]
  -- F2
Set parameter OutputFlag to value 1
Set parameter TimeLimit to value 120
Gurobi Optimizer version 12.0.3 build v12.0.3rc0 (mac64[arm] - Darwin 25.4.0 25E253)

CPU model: Apple M2
Thread count: 8 physical cores, 8 logical processors, using up to 8 threads

Non-default parameters:
TimeLimit  120

Optimize a model with 329249 rows, 5700 columns and 1818598 nonzeros
Model fingerprint: 0xad287dab
Variable types: 0 continuous, 5700 integer (5700 binary)
Coefficient statistics:
  Matrix range     [1e+00, 2e+01]
  Objective range  [1e+00, 1e+00]
  Bounds range     [1e+00, 1e+00]
  RHS range        [1e+00, 1e+00]
Found heuristic solution: objective 69.0000000
Presolve removed 0 rows and 0 columns (presolve time = 5s)...
Presolve removed 276 rows and 30 columns
Presolve time: 6.70s
Presolved: 328973 rows, 5670 columns, 1814623 nonzeros
Variable types: 0 continuous, 5670 integer (5670 binary)
Root relaxation presolved: 5670 rows, 334643 columns, 1820293 nonzeros


Root simplex log...

Iteration    Objective       Primal Inf.    Dual Inf.      Time
       0    1.5360000e+01   0.000000e+00   1.680344e+04      8s
    8951    1.5399629e+01   0.000000e+00   3.173547e+04     10s
   13714    1.5360000e+01   0.000000e+00   0.000000e+00     11s
   13714    1.5360000e+01   0.000000e+00   0.000000e+00     11s
   13714    1.5360000e+01   0.000000e+00   0.000000e+00     11s

Root relaxation: objective 1.536000e+01, 13714 iterations, 4.36 seconds (5.98 work units)
Total elapsed time = 18.43s (DegenMoves)
Total elapsed time = 27.54s (DegenMoves)

    Nodes    |    Current Node    |     Objective Bounds      |     Work
 Expl Unexpl |  Obj  Depth IntInf | Incumbent    BestBd   Gap | It/Node Time

     0     0   15.36000    0  285   69.00000   15.36000  77.7%     -   32s
     0     0   16.00000    0  221   69.00000   16.00000  76.8%     -   38s
H    0     0                      55.0000000   16.00000  70.9%     -   38s
H    0     0                      22.0000000   16.00000  27.3%     -   39s
H    0     0                      20.0000000   16.00000  20.0%     -   39s
H    0     0                      19.0000000   16.00000  15.8%     -   39s
H    0     0                      18.0000000   16.00000  11.1%     -   39s
H    0     0                      17.0000000   16.00000  5.88%     -   39s
H    0     0                      16.0000000   16.00000  0.00%     -   40s
     0     0   16.00000    0  221   16.00000   16.00000  0.00%     -   40s

Explored 1 nodes (28998 simplex iterations) in 40.24 seconds (48.18 work units)
Thread count was 8 (of 8 available processors)

Solution count 8: 16 17 18 ... 69

Optimal solution found (tolerance 1.00e-04)
Best objective 1.600000000000e+01, best bound 1.600000000000e+01, gap 0.0000%
     LP=15.3600  obj=16.0  nodes=1  time=40.25s  [OPT]
  -- F3
Set parameter OutputFlag to value 1
Set parameter TimeLimit to value 120
Gurobi Optimizer version 12.0.3 build v12.0.3rc0 (mac64[arm] - Darwin 25.4.0 25E253)

CPU model: Apple M2
Thread count: 8 physical cores, 8 logical processors, using up to 8 threads

Non-default parameters:
TimeLimit  120

Optimize a model with 75 rows, 34906 columns and 137738 nonzeros
Model fingerprint: 0x4ee43346
Variable types: 0 continuous, 34906 integer (34906 binary)
Coefficient statistics:
  Matrix range     [1e+00, 1e+00]
  Objective range  [1e+00, 1e+00]
  Bounds range     [1e+00, 1e+00]
  RHS range        [1e+00, 1e+00]
Found heuristic solution: objective 75.0000000
Presolve time: 0.10s
Presolved: 75 rows, 34906 columns, 137738 nonzeros
Variable types: 0 continuous, 34906 integer (34906 binary)

Root relaxation: objective 1.536000e+01, 575 iterations, 0.28 seconds (0.46 work units)

    Nodes    |    Current Node    |     Objective Bounds      |     Work
 Expl Unexpl |  Obj  Depth IntInf | Incumbent    BestBd   Gap | It/Node Time

     0     0   15.36000    0   68   75.00000   15.36000  79.5%     -    0s
H    0     0                      30.0000000   15.36000  48.8%     -    0s
H    0     0                      16.0000000   15.36000  4.00%     -    0s
     0     0   15.36000    0   68   16.00000   15.36000  4.00%     -    0s

Explored 1 nodes (5721 simplex iterations) in 0.62 seconds (0.73 work units)
Thread count was 8 (of 8 available processors)

Solution count 3: 16 30 75 

Optimal solution found (tolerance 1.00e-04)
Best objective 1.600000000000e+01, best bound 1.600000000000e+01, gap 0.0000%
     LP=15.3600  obj=16.0  nodes=1  time=0.62s  [OPT]
     groupings=34906  enum=0.28s

[instance_09]  m=75  n=75  R=25
  -- F1
Set parameter OutputFlag to value 1
Set parameter TimeLimit to value 120
Gurobi Optimizer version 12.0.3 build v12.0.3rc0 (mac64[arm] - Darwin 25.4.0 25E253)

CPU model: Apple M2
Thread count: 8 physical cores, 8 logical processors, using up to 8 threads

Non-default parameters:
TimeLimit  120

Optimize a model with 103124 rows, 5700 columns and 217273 nonzeros
Model fingerprint: 0x7e1cf9ea
Variable types: 0 continuous, 5700 integer (5700 binary)
Coefficient statistics:
  Matrix range     [1e+00, 2e+01]
  Objective range  [1e+00, 1e+00]
  Bounds range     [1e+00, 1e+00]
  RHS range        [1e+00, 1e+00]
Found heuristic solution: objective 72.0000000
Presolve removed 84116 rows and 230 columns
Presolve time: 1.36s
Presolved: 19008 rows, 5470 columns, 121037 nonzeros
Variable types: 0 continuous, 5470 integer (5470 binary)

Root relaxation: objective 1.416000e+01, 5439 iterations, 1.44 seconds (2.03 work units)
Total elapsed time = 5.41s (DegenMoves)

    Nodes    |    Current Node    |     Objective Bounds      |     Work
 Expl Unexpl |  Obj  Depth IntInf | Incumbent    BestBd   Gap | It/Node Time

     0     0   14.16000    0  269   72.00000   14.16000  80.3%     -    5s
     0     0   15.00000    0  205   72.00000   15.00000  79.2%     -    6s
H    0     0                      71.0000000   15.00000  78.9%     -    6s
H    0     0                      18.0000000   15.00000  16.7%     -    6s
H    0     0                      17.0000000   15.00000  11.8%     -    6s
H    0     0                      16.0000000   15.00000  6.25%     -    6s
H    0     0                      15.0000000   15.00000  0.00%     -    6s

Cutting planes:
  Gomory: 14
  Cover: 3
  Clique: 26
  StrongCG: 1
  GUB cover: 2
  Zero half: 6

Explored 1 nodes (22586 simplex iterations) in 6.49 seconds (8.56 work units)
Thread count was 8 (of 8 available processors)

Solution count 6: 15 16 17 ... 72

Optimal solution found (tolerance 1.00e-04)
Best objective 1.500000000000e+01, best bound 1.500000000000e+01, gap 0.0000%
     LP=14.1600  obj=15.0  nodes=1  time=6.49s  [OPT]
  -- F2
Set parameter OutputFlag to value 1
Set parameter TimeLimit to value 120
Gurobi Optimizer version 12.0.3 build v12.0.3rc0 (mac64[arm] - Darwin 25.4.0 25E253)

CPU model: Apple M2
Thread count: 8 physical cores, 8 logical processors, using up to 8 threads

Non-default parameters:
TimeLimit  120

Optimize a model with 325724 rows, 5700 columns and 1815373 nonzeros
Model fingerprint: 0xe423fd9c
Variable types: 0 continuous, 5700 integer (5700 binary)
Coefficient statistics:
  Matrix range     [1e+00, 2e+01]
  Objective range  [1e+00, 1e+00]
  Bounds range     [1e+00, 1e+00]
  RHS range        [1e+00, 1e+00]
Found heuristic solution: objective 72.0000000
Presolve removed 0 rows and 0 columns (presolve time = 5s)...
Presolve removed 54 rows and 8 columns
Presolve time: 6.56s
Presolved: 325670 rows, 5692 columns, 1823941 nonzeros
Variable types: 0 continuous, 5692 integer (5692 binary)
Root relaxation presolved: 5692 rows, 331362 columns, 1829633 nonzeros


Root simplex log...

Iteration    Objective       Primal Inf.    Dual Inf.      Time
       0    1.4160000e+01   0.000000e+00   1.784268e+04      8s
    7846    1.4199400e+01   0.000000e+00   1.407257e+04     10s
   13738    1.4160000e+01   0.000000e+00   0.000000e+00     12s
   13738    1.4160000e+01   0.000000e+00   0.000000e+00     12s
   13738    1.4160000e+01   0.000000e+00   0.000000e+00     12s

Root relaxation: objective 1.416000e+01, 13738 iterations, 4.85 seconds (7.10 work units)
Total elapsed time = 34.80s (DegenMoves)

    Nodes    |    Current Node    |     Objective Bounds      |     Work
 Expl Unexpl |  Obj  Depth IntInf | Incumbent    BestBd   Gap | It/Node Time

     0     0   14.16000    0  429   72.00000   14.16000  80.3%     -   61s
     0     0   15.00000    0  263   72.00000   15.00000  79.2%     -   68s
H    0     0                      18.0000000   15.00000  16.7%     -   69s
H    0     0                      17.0000000   15.00000  11.8%     -   69s
H    0     0                      16.0000000   15.00000  6.25%     -   70s
     0     0   15.00000    0  280   16.00000   15.00000  6.25%     -   72s
     0     0   15.00000    0   20   16.00000   15.00000  6.25%     -  106s
H    0     0                      15.0000000   15.00000  0.00%     -  106s
     0     0   15.00000    0   20   15.00000   15.00000  0.00%     -  106s

Explored 1 nodes (65190 simplex iterations) in 106.30 seconds (151.42 work units)
Thread count was 8 (of 8 available processors)

Solution count 5: 15 16 17 ... 72

Optimal solution found (tolerance 1.00e-04)
Best objective 1.500000000000e+01, best bound 1.500000000000e+01, gap 0.0000%
     LP=14.1600  obj=15.0  nodes=1  time=106.31s  [OPT]
  -- F3
Set parameter OutputFlag to value 1
Set parameter TimeLimit to value 120
Gurobi Optimizer version 12.0.3 build v12.0.3rc0 (mac64[arm] - Darwin 25.4.0 25E253)

CPU model: Apple M2
Thread count: 8 physical cores, 8 logical processors, using up to 8 threads

Non-default parameters:
TimeLimit  120

Optimize a model with 75 rows, 42680 columns and 175108 nonzeros
Model fingerprint: 0x8b00b363
Variable types: 0 continuous, 42680 integer (42680 binary)
Coefficient statistics:
  Matrix range     [1e+00, 1e+00]
  Objective range  [1e+00, 1e+00]
  Bounds range     [1e+00, 1e+00]
  RHS range        [1e+00, 1e+00]
Found heuristic solution: objective 75.0000000
Presolve time: 0.13s
Presolved: 75 rows, 42680 columns, 175108 nonzeros
Variable types: 0 continuous, 42680 integer (42680 binary)

Root relaxation: objective 1.416000e+01, 719 iterations, 0.46 seconds (0.77 work units)

    Nodes    |    Current Node    |     Objective Bounds      |     Work
 Expl Unexpl |  Obj  Depth IntInf | Incumbent    BestBd   Gap | It/Node Time

     0     0   14.16000    0   74   75.00000   14.16000  81.1%     -    0s
H    0     0                      31.0000000   14.16000  54.3%     -    0s
H    0     0                      16.0000000   14.16000  11.5%     -    0s
H    0     0                      15.0000000   14.16000  5.60%     -    0s
     0     0   14.16000    0   74   15.00000   14.16000  5.60%     -    0s

Explored 1 nodes (3335 simplex iterations) in 1.01 seconds (1.24 work units)
Thread count was 8 (of 8 available processors)

Solution count 4: 15 16 31 75 

Optimal solution found (tolerance 1.00e-04)
Best objective 1.500000000000e+01, best bound 1.500000000000e+01, gap 0.0000%
     LP=14.1600  obj=15.0  nodes=1  time=1.01s  [OPT]
     groupings=42680  enum=0.36s

[instance_10]  m=75  n=75  R=25
  -- F1
Set parameter OutputFlag to value 1
Set parameter TimeLimit to value 120
Gurobi Optimizer version 12.0.3 build v12.0.3rc0 (mac64[arm] - Darwin 25.4.0 25E253)

CPU model: Apple M2
Thread count: 8 physical cores, 8 logical processors, using up to 8 threads

Non-default parameters:
TimeLimit  120

Optimize a model with 106949 rows, 5700 columns and 224923 nonzeros
Model fingerprint: 0xb8704cb7
Variable types: 0 continuous, 5700 integer (5700 binary)
Coefficient statistics:
  Matrix range     [1e+00, 2e+01]
  Objective range  [1e+00, 1e+00]
  Bounds range     [1e+00, 1e+00]
  RHS range        [1e+00, 1e+00]
Found heuristic solution: objective 74.0000000
Presolve removed 87677 rows and 2 columns
Presolve time: 0.62s
Presolved: 19272 rows, 5698 columns, 127853 nonzeros
Variable types: 0 continuous, 5698 integer (5698 binary)

Root relaxation: objective 1.468000e+01, 10014 iterations, 3.04 seconds (4.08 work units)
Total elapsed time = 7.90s (DegenMoves)

    Nodes    |    Current Node    |     Objective Bounds      |     Work
 Expl Unexpl |  Obj  Depth IntInf | Incumbent    BestBd   Gap | It/Node Time

     0     0   14.68000    0  702   74.00000   14.68000  80.2%     -   16s
     0     0   15.00000    0  253   74.00000   15.00000  79.7%     -   17s
H    0     0                      58.0000000   15.00000  74.1%     -   17s
H    0     0                      20.0000000   15.00000  25.0%     -   17s
H    0     0                      19.0000000   15.00000  21.1%     -   17s
H    0     0                      16.0000000   15.00000  6.25%     -   17s
     0     0   15.00000    0  250   16.00000   15.00000  6.25%     -   19s
     0     0   15.00000    0  137   16.00000   15.00000  6.25%     -   20s
     0     0   15.00000    0  205   16.00000   15.00000  6.25%     -   20s
     0     0   15.00000    0  224   16.00000   15.00000  6.25%     -   21s
     0     0   15.00000    0  215   16.00000   15.00000  6.25%     -   21s
     0     0   15.00000    0   95   16.00000   15.00000  6.25%     -   21s
     0     0   15.00000    0  167   16.00000   15.00000  6.25%     -   21s
     0     0   15.00000    0  162   16.00000   15.00000  6.25%     -   21s
     0     0   15.00000    0  146   16.00000   15.00000  6.25%     -   22s
     0     0   15.00000    0  148   16.00000   15.00000  6.25%     -   22s
     0     0   15.00000    0   94   16.00000   15.00000  6.25%     -   22s
     0     0   15.00000    0  102   16.00000   15.00000  6.25%     -   22s
     0     0   15.00000    0  136   16.00000   15.00000  6.25%     -   23s
     0     0   15.00000    0  140   16.00000   15.00000  6.25%     -   23s
     0     0   15.00000    0   53   16.00000   15.00000  6.25%     -   23s
     0     0   15.00000    0   90   16.00000   15.00000  6.25%     -   23s
     0     0   15.00000    0  124   16.00000   15.00000  6.25%     -   23s
     0     0   15.00000    0  124   16.00000   15.00000  6.25%     -   23s
     0     2   15.00000    0  124   16.00000   15.00000  6.25%     -   24s
    23    43   15.00000    5  190   16.00000   15.00000  6.25%   300   25s
H 1408   547                      15.0000000   15.00000  0.00%  84.7   29s

Cutting planes:
  Gomory: 1
  Cover: 102
  Clique: 32
  MIR: 12
  StrongCG: 4
  GUB cover: 7
  Inf proof: 1
  Zero half: 12
  RLT: 1
  Relax-and-lift: 5

Explored 1446 nodes (189522 simplex iterations) in 29.91 seconds (33.55 work units)
Thread count was 8 (of 8 available processors)

Solution count 6: 15 16 19 ... 74

Optimal solution found (tolerance 1.00e-04)
Best objective 1.500000000000e+01, best bound 1.500000000000e+01, gap 0.0000%
     LP=14.6800  obj=15.0  nodes=1446  time=29.91s  [OPT]
  -- F2
Set parameter OutputFlag to value 1
Set parameter TimeLimit to value 120
Gurobi Optimizer version 12.0.3 build v12.0.3rc0 (mac64[arm] - Darwin 25.4.0 25E253)

CPU model: Apple M2
Thread count: 8 physical cores, 8 logical processors, using up to 8 threads

Non-default parameters:
TimeLimit  120

Optimize a model with 394799 rows, 5700 columns and 2290498 nonzeros
Model fingerprint: 0xc4e719a9
Variable types: 0 continuous, 5700 integer (5700 binary)
Coefficient statistics:
  Matrix range     [1e+00, 2e+01]
  Objective range  [1e+00, 1e+00]
  Bounds range     [1e+00, 1e+00]
  RHS range        [1e+00, 1e+00]
Found heuristic solution: objective 71.0000000
Presolve removed 0 rows and 0 columns (presolve time = 5s)...
Presolve removed 46 rows and 13 columns
Presolve time: 8.73s
Presolved: 394753 rows, 5687 columns, 2294191 nonzeros
Variable types: 0 continuous, 5687 integer (5687 binary)
Root relaxation presolved: 5687 rows, 400440 columns, 2299878 nonzeros


Root simplex log...

Iteration    Objective       Primal Inf.    Dual Inf.      Time
       0    1.4680000e+01   0.000000e+00   2.274532e+04     11s
   11251    1.4680000e+01   0.000000e+00   0.000000e+00     13s
   11251    1.4680000e+01   0.000000e+00   0.000000e+00     13s
   11251    1.4680000e+01   0.000000e+00   0.000000e+00     13s

Root relaxation: objective 1.468000e+01, 11251 iterations, 4.27 seconds (6.20 work units)
Total elapsed time = 24.89s (DegenMoves)
Total elapsed time = 34.11s (DegenMoves)
Total elapsed time = 52.53s (DegenMoves)
Total elapsed time = 63.69s (DegenMoves)

    Nodes    |    Current Node    |     Objective Bounds      |     Work
 Expl Unexpl |  Obj  Depth IntInf | Incumbent    BestBd   Gap | It/Node Time

     0     0   14.68000    0  249   71.00000   14.68000  79.3%     -   68s
     0     0   15.00000    0  275   71.00000   15.00000  78.9%     -   76s
H    0     0                      19.0000000   15.00000  21.1%     -   77s
H    0     0                      18.0000000   15.00000  16.7%     -   77s
H    0     0                      17.0000000   15.00000  11.8%     -   77s
H    0     0                      16.0000000   15.00000  6.25%     -   77s
     0     0   15.00000    0  270   16.00000   15.00000  6.25%     -   80s
     0     0   15.00000    0  275   16.00000   15.00000  6.25%     -  120s

Explored 1 nodes (66252 simplex iterations) in 120.02 seconds (171.64 work units)
Thread count was 8 (of 8 available processors)

Solution count 5: 16 17 18 ... 71

Time limit reached
Best objective 1.600000000000e+01, best bound 1.500000000000e+01, gap 6.2500%
     LP=14.6800  obj=16.0  nodes=1  time=120.03s  [TL]
  -- F3
Set parameter OutputFlag to value 1
Set parameter TimeLimit to value 120
Gurobi Optimizer version 12.0.3 build v12.0.3rc0 (mac64[arm] - Darwin 25.4.0 25E253)

CPU model: Apple M2
Thread count: 8 physical cores, 8 logical processors, using up to 8 threads

Non-default parameters:
TimeLimit  120

Optimize a model with 75 rows, 32469 columns and 128742 nonzeros
Model fingerprint: 0x89962551
Variable types: 0 continuous, 32469 integer (32469 binary)
Coefficient statistics:
  Matrix range     [1e+00, 1e+00]
  Objective range  [1e+00, 1e+00]
  Bounds range     [1e+00, 1e+00]
  RHS range        [1e+00, 1e+00]
Found heuristic solution: objective 75.0000000
Presolve time: 0.09s
Presolved: 75 rows, 32469 columns, 128742 nonzeros
Variable types: 0 continuous, 32469 integer (32469 binary)

Root relaxation: objective 1.468000e+01, 663 iterations, 0.30 seconds (0.51 work units)

    Nodes    |    Current Node    |     Objective Bounds      |     Work
 Expl Unexpl |  Obj  Depth IntInf | Incumbent    BestBd   Gap | It/Node Time

     0     0   14.68000    0   74   75.00000   14.68000  80.4%     -    0s
H    0     0                      31.0000000   14.68000  52.6%     -    0s
H    0     0                      17.0000000   14.68000  13.6%     -    0s
H    0     0                      16.0000000   14.68000  8.25%     -    0s
H    0     0                      15.0000000   14.68000  2.13%     -    0s
     0     0   14.68000    0   74   15.00000   14.68000  2.13%     -    0s

Explored 1 nodes (3075 simplex iterations) in 0.80 seconds (0.91 work units)
Thread count was 8 (of 8 available processors)

Solution count 5: 15 16 17 ... 75

Optimal solution found (tolerance 1.00e-04)
Best objective 1.500000000000e+01, best bound 1.500000000000e+01, gap 0.0000%
     LP=14.6800  obj=15.0  nodes=1  time=0.81s  [OPT]
     groupings=32469  enum=0.27s
Dataset 1 complete.
