
======================================================================
  DATASET 2  |  formulations: ['F1', 'F2']  |  limit: 600s
======================================================================

[instance_01]  m=80  n=80  R=25
  -- F1
Set parameter Username
Set parameter LicenseID to value 2724467
Academic license - for non-commercial use only - expires 2026-10-17
Set parameter OutputFlag to value 1
Set parameter TimeLimit to value 600
Gurobi Optimizer version 12.0.3 build v12.0.3rc0 (mac64[arm] - Darwin 25.4.0 25E253)

CPU model: Apple M2
Thread count: 8 physical cores, 8 logical processors, using up to 8 threads

Non-default parameters:
TimeLimit  600

Optimize a model with 126959 rows, 6480 columns and 266478 nonzeros
Model fingerprint: 0xff143d09
Variable types: 0 continuous, 6480 integer (6480 binary)
Coefficient statistics:
  Matrix range     [1e+00, 2e+01]
  Objective range  [1e+00, 1e+00]
  Bounds range     [1e+00, 1e+00]
  RHS range        [1e+00, 1e+00]
Found heuristic solution: objective 80.0000000
Presolve removed 103922 rows and 2 columns
Presolve time: 1.01s
Presolved: 23037 rows, 6478 columns, 149574 nonzeros
Variable types: 0 continuous, 6478 integer (6478 binary)

Root relaxation: objective 1.632000e+01, 5220 iterations, 1.75 seconds (2.16 work units)
Total elapsed time = 6.54s (DegenMoves)
Total elapsed time = 16.47s (DegenMoves)

    Nodes    |    Current Node    |     Objective Bounds      |     Work
 Expl Unexpl |  Obj  Depth IntInf | Incumbent    BestBd   Gap | It/Node Time

     0     0   16.32000    0  157   80.00000   16.32000  79.6%     -   17s
     0     0   17.00000    0   90   80.00000   17.00000  78.8%     -   18s
H    0     0                      58.0000000   17.00000  70.7%     -   18s
H    0     0                      21.0000000   17.00000  19.0%     -   18s
H    0     0                      18.0000000   17.00000  5.56%     -   18s
H    0     0                      17.0000000   17.00000  0.00%     -   21s

Cutting planes:
  Gomory: 16
  Cover: 8
  Clique: 27
  MIR: 4
  StrongCG: 4
  GUB cover: 4
  Zero half: 33
  Relax-and-lift: 1

Explored 1 nodes (45239 simplex iterations) in 21.48 seconds (24.64 work units)
Thread count was 8 (of 8 available processors)

Solution count 5: 17 18 21 ... 80

Optimal solution found (tolerance 1.00e-04)
Best objective 1.700000000000e+01, best bound 1.700000000000e+01, gap 0.0000%
     LP=16.3200  obj=17.0  nodes=1  time=21.49s  [OPT]
  -- F2
Set parameter OutputFlag to value 1
Set parameter TimeLimit to value 600
Gurobi Optimizer version 12.0.3 build v12.0.3rc0 (mac64[arm] - Darwin 25.4.0 25E253)

CPU model: Apple M2
Thread count: 8 physical cores, 8 logical processors, using up to 8 threads

Non-default parameters:
TimeLimit  600

Optimize a model with 499359 rows, 6480 columns and 2930158 nonzeros
Model fingerprint: 0x44258f59
Variable types: 0 continuous, 6480 integer (6480 binary)
Coefficient statistics:
  Matrix range     [1e+00, 2e+01]
  Objective range  [1e+00, 1e+00]
  Bounds range     [1e+00, 1e+00]
  RHS range        [1e+00, 1e+00]
Found heuristic solution: objective 80.0000000
Presolve removed 0 rows and 0 columns (presolve time = 5s)...
Presolve time: 9.45s
Presolved: 499359 rows, 6480 columns, 2948067 nonzeros
Variable types: 0 continuous, 6480 integer (6480 binary)
Root relaxation presolved: 6480 rows, 505839 columns, 2954547 nonzeros


Root simplex log...

Iteration    Objective       Primal Inf.    Dual Inf.      Time
       0    1.6320000e+01   0.000000e+00   2.939956e+04     12s
   12168    1.6366899e+01   0.000000e+00   3.045409e+04     15s
   29744    1.6375534e+01   0.000000e+00   1.459919e+00     20s
   29959    1.6320000e+01   0.000000e+00   0.000000e+00     20s
   29959    1.6320000e+01   0.000000e+00   0.000000e+00     20s
   29959    1.6320000e+01   0.000000e+00   0.000000e+00     20s

Root relaxation: objective 1.632000e+01, 29959 iterations, 10.53 seconds (14.29 work units)
Total elapsed time = 54.78s (DegenMoves)

    Nodes    |    Current Node    |     Objective Bounds      |     Work
 Expl Unexpl |  Obj  Depth IntInf | Incumbent    BestBd   Gap | It/Node Time

     0     0   16.32000    0  382   80.00000   16.32000  79.6%     -   93s
     0     0   17.00000    0  224   80.00000   17.00000  78.8%     -  101s
H    0     0                      71.0000000   17.00000  76.1%     -  102s
H    0     0                      19.0000000   17.00000  10.5%     -  102s
H    0     0                      18.0000000   17.00000  5.56%     -  102s
     0     0   17.00000    0  185   18.00000   17.00000  5.56%     -  107s
     0     0   17.00000    0  115   18.00000   17.00000  5.56%     -  151s
     0     0   17.00000    0  160   18.00000   17.00000  5.56%     -  158s
     0     0   17.00000    0  181   18.00000   17.00000  5.56%     -  164s
     0     0   17.00000    0  175   18.00000   17.00000  5.56%     -  166s
     0     0   17.00000    0   27   18.00000   17.00000  5.56%     -  184s
H    0     0                      17.0000000   17.00000  0.00%     -  184s

Cutting planes:
  Gomory: 5
  Cover: 8
  MIR: 6
  StrongCG: 3
  GUB cover: 9
  Zero half: 1
  RLT: 6
  Relax-and-lift: 2

Explored 1 nodes (85633 simplex iterations) in 184.51 seconds (248.52 work units)
Thread count was 8 (of 8 available processors)

Solution count 5: 17 18 19 ... 80

Optimal solution found (tolerance 1.00e-04)
Best objective 1.700000000000e+01, best bound 1.700000000000e+01, gap 0.0000%
     LP=16.3200  obj=17.0  nodes=1  time=184.52s  [OPT]

[instance_02]  m=82  n=82  R=25
  -- F1
Set parameter OutputFlag to value 1
Set parameter TimeLimit to value 600
Gurobi Optimizer version 12.0.3 build v12.0.3rc0 (mac64[arm] - Darwin 25.4.0 25E253)

CPU model: Apple M2
Thread count: 8 physical cores, 8 logical processors, using up to 8 threads

Non-default parameters:
TimeLimit  600

Optimize a model with 138169 rows, 6806 columns and 289540 nonzeros
Model fingerprint: 0xc4120213
Variable types: 0 continuous, 6806 integer (6806 binary)
Coefficient statistics:
  Matrix range     [1e+00, 2e+01]
  Objective range  [1e+00, 1e+00]
  Bounds range     [1e+00, 1e+00]
  RHS range        [1e+00, 1e+00]
Found heuristic solution: objective 82.0000000
Presolve removed 113326 rows and 2 columns
Presolve time: 0.80s
Presolved: 24843 rows, 6804 columns, 157113 nonzeros
Variable types: 0 continuous, 6804 integer (6804 binary)

Root relaxation: objective 1.608000e+01, 3775 iterations, 1.18 seconds (1.73 work units)

    Nodes    |    Current Node    |     Objective Bounds      |     Work
 Expl Unexpl |  Obj  Depth IntInf | Incumbent    BestBd   Gap | It/Node Time

     0     0   16.08000    0  328   82.00000   16.08000  80.4%     -    3s
     0     0   17.00000    0  247   82.00000   17.00000  79.3%     -    4s
H    0     0                      27.0000000   17.00000  37.0%     -    4s
H    0     0                      19.0000000   17.00000  10.5%     -    4s
H    0     0                      18.0000000   17.00000  5.56%     -    4s
     0     0   17.00000    0  255   18.00000   17.00000  5.56%     -    5s
     0     0   17.00000    0   14   18.00000   17.00000  5.56%     -    7s
     0     0   17.00000    0  161   18.00000   17.00000  5.56%     -    7s
     0     0   17.00000    0  205   18.00000   17.00000  5.56%     -    7s
     0     0   17.00000    0    6   18.00000   17.00000  5.56%     -    8s
     0     0   17.00000    0  178   18.00000   17.00000  5.56%     -    8s
H    0     0                      17.0000000   17.00000  0.00%     -    8s
     0     0   17.00000    0    4   17.00000   17.00000  0.00%     -    8s

Cutting planes:
  Gomory: 15
  Cover: 8
  Clique: 25
  MIR: 5
  StrongCG: 3
  GUB cover: 5
  Zero half: 7
  RLT: 3
  Relax-and-lift: 2

Explored 1 nodes (30832 simplex iterations) in 8.54 seconds (10.38 work units)
Thread count was 8 (of 8 available processors)

Solution count 5: 17 18 19 ... 82

Optimal solution found (tolerance 1.00e-04)
Best objective 1.700000000000e+01, best bound 1.700000000000e+01, gap 0.0000%
     LP=16.0800  obj=17.0  nodes=1  time=8.55s  [OPT]
  -- F2
Set parameter OutputFlag to value 1
Set parameter TimeLimit to value 600
Gurobi Optimizer version 12.0.3 build v12.0.3rc0 (mac64[arm] - Darwin 25.4.0 25E253)

CPU model: Apple M2
Thread count: 8 physical cores, 8 logical processors, using up to 8 threads

Non-default parameters:
TimeLimit  600

Optimize a model with 593269 rows, 6806 columns and 3441702 nonzeros
Model fingerprint: 0x46c32280
Variable types: 0 continuous, 6806 integer (6806 binary)
Coefficient statistics:
  Matrix range     [1e+00, 2e+01]
  Objective range  [1e+00, 1e+00]
  Bounds range     [1e+00, 1e+00]
  RHS range        [1e+00, 1e+00]
Found heuristic solution: objective 82.0000000
Presolve removed 0 rows and 0 columns (presolve time = 5s)...
Presolve removed 0 rows and 0 columns (presolve time = 10s)...
Presolve time: 11.41s
Presolved: 593269 rows, 6806 columns, 3458241 nonzeros
Variable types: 0 continuous, 6806 integer (6806 binary)
Root relaxation presolved: 6806 rows, 600075 columns, 3465047 nonzeros


Root simplex log...

Iteration    Objective       Primal Inf.    Dual Inf.      Time
       0    1.6080000e+01   0.000000e+00   3.380764e+04     14s
    3240    1.6099873e+01   0.000000e+00   2.468550e+06     15s
   20258    1.6140287e+01   0.000000e+00   1.951923e+05     20s
   27365    1.6080000e+01   0.000000e+00   0.000000e+00     22s
   27365    1.6080000e+01   0.000000e+00   0.000000e+00     22s
   27365    1.6080000e+01   0.000000e+00   0.000000e+00     23s

Root relaxation: objective 1.608000e+01, 27365 iterations, 10.53 seconds (14.57 work units)
Total elapsed time = 40.06s (DegenMoves)

    Nodes    |    Current Node    |     Objective Bounds      |     Work
 Expl Unexpl |  Obj  Depth IntInf | Incumbent    BestBd   Gap | It/Node Time

     0     0   16.08000    0  332   82.00000   16.08000  80.4%     -   83s
     0     0   17.00000    0  227   82.00000   17.00000  79.3%     -   95s
H    0     0                      76.0000000   17.00000  77.6%     -   96s
H    0     0                      30.0000000   17.00000  43.3%     -   96s
H    0     0                      21.0000000   17.00000  19.0%     -   96s
H    0     0                      18.0000000   17.00000  5.56%     -   97s
H    0     0                      17.0000000   17.00000  0.00%     -   97s
     0     0   17.00000    0  227   17.00000   17.00000  0.00%     -   97s

Explored 1 nodes (51780 simplex iterations) in 97.56 seconds (144.04 work units)
Thread count was 8 (of 8 available processors)

Solution count 6: 17 18 21 ... 82

Optimal solution found (tolerance 1.00e-04)
Best objective 1.700000000000e+01, best bound 1.700000000000e+01, gap 0.0000%
     LP=16.0800  obj=17.0  nodes=1  time=97.57s  [OPT]

[instance_03]  m=83  n=83  R=25
  -- F1
Set parameter OutputFlag to value 1
Set parameter TimeLimit to value 600
Gurobi Optimizer version 12.0.3 build v12.0.3rc0 (mac64[arm] - Darwin 25.4.0 25E253)

CPU model: Apple M2
Thread count: 8 physical cores, 8 logical processors, using up to 8 threads

Non-default parameters:
TimeLimit  600

Optimize a model with 143506 rows, 6972 columns and 300541 nonzeros
Model fingerprint: 0x92cbfb69
Variable types: 0 continuous, 6972 integer (6972 binary)
Coefficient statistics:
  Matrix range     [1e+00, 2e+01]
  Objective range  [1e+00, 1e+00]
  Bounds range     [1e+00, 1e+00]
  RHS range        [1e+00, 1e+00]
Found heuristic solution: objective 83.0000000
Presolve removed 117364 rows and 2 columns
Presolve time: 0.82s
Presolved: 26142 rows, 6970 columns, 163087 nonzeros
Variable types: 0 continuous, 6970 integer (6970 binary)

Root relaxation: objective 1.628000e+01, 7350 iterations, 2.23 seconds (3.39 work units)
Total elapsed time = 10.20s (DegenMoves)

    Nodes    |    Current Node    |     Objective Bounds      |     Work
 Expl Unexpl |  Obj  Depth IntInf | Incumbent    BestBd   Gap | It/Node Time

     0     0   16.28000    0  233   83.00000   16.28000  80.4%     -   13s
     0     0   17.00000    0  189   83.00000   17.00000  79.5%     -   13s
H    0     0                      78.0000000   17.00000  78.2%     -   13s
H    0     0                      19.0000000   17.00000  10.5%     -   13s
H    0     0                      18.0000000   17.00000  5.56%     -   14s
H    0     0                      17.0000000   17.00000  0.00%     -   15s

Cutting planes:
  Gomory: 1
  Cover: 3
  Clique: 61
  MIR: 4
  StrongCG: 3
  GUB cover: 3
  Zero half: 32

Explored 1 nodes (44794 simplex iterations) in 15.61 seconds (22.34 work units)
Thread count was 8 (of 8 available processors)

Solution count 5: 17 18 19 ... 83

Optimal solution found (tolerance 1.00e-04)
Best objective 1.700000000000e+01, best bound 1.700000000000e+01, gap 0.0000%
     LP=16.2800  obj=17.0  nodes=1  time=15.62s  [OPT]
  -- F2
Set parameter OutputFlag to value 1
Set parameter TimeLimit to value 600
Gurobi Optimizer version 12.0.3 build v12.0.3rc0 (mac64[arm] - Darwin 25.4.0 25E253)

CPU model: Apple M2
Thread count: 8 physical cores, 8 logical processors, using up to 8 threads

Non-default parameters:
TimeLimit  600

Optimize a model with 668149 rows, 6972 columns and 3947561 nonzeros
Model fingerprint: 0x02b7102c
Variable types: 0 continuous, 6972 integer (6972 binary)
Coefficient statistics:
  Matrix range     [1e+00, 2e+01]
  Objective range  [1e+00, 1e+00]
  Bounds range     [1e+00, 1e+00]
  RHS range        [1e+00, 1e+00]
Found heuristic solution: objective 82.0000000
Presolve removed 0 rows and 0 columns (presolve time = 5s)...
Presolve removed 0 rows and 0 columns (presolve time = 10s)...
Presolve removed 0 rows and 1 columns
Presolve time: 14.97s
Presolved: 668149 rows, 6971 columns, 3962444 nonzeros
Variable types: 0 continuous, 6971 integer (6971 binary)
Root relaxation presolved: 6971 rows, 675120 columns, 3969415 nonzeros


Root simplex log...

Iteration    Objective       Primal Inf.    Dual Inf.      Time
       0    1.6280000e+01   0.000000e+00   3.746660e+04     18s
    6048    1.6318366e+01   0.000000e+00   1.794444e+05     20s
   21726    1.6343908e+01   0.000000e+00   6.921149e+03     25s
   24305    1.6280000e+01   0.000000e+00   0.000000e+00     26s
   24305    1.6280000e+01   0.000000e+00   0.000000e+00     26s
   24305    1.6280000e+01   0.000000e+00   0.000000e+00     26s

Root relaxation: objective 1.628000e+01, 24305 iterations, 10.66 seconds (13.80 work units)
Total elapsed time = 56.67s (DegenMoves)

    Nodes    |    Current Node    |     Objective Bounds      |     Work
 Expl Unexpl |  Obj  Depth IntInf | Incumbent    BestBd   Gap | It/Node Time

     0     0   16.28000    0  460   82.00000   16.28000  80.1%     -   99s
H    0     0                      61.0000000   16.28000  73.3%     -   99s
H    0     0                      57.0000000   16.28000  71.4%     -  100s
H    0     0                      55.0000000   16.28000  70.4%     -  100s
H    0     0                      46.0000000   16.28000  64.6%     -  100s
     0     0   16.28000    0  564   46.00000   16.28000  64.6%     -  127s
     0     0   17.00000    0  297   46.00000   17.00000  63.0%     -  141s
H    0     0                      45.0000000   17.00000  62.2%     -  142s
H    0     0                      18.0000000   17.00000  5.56%     -  142s
H    0     0                      17.0000000   17.00000  0.00%     -  143s
     0     0   17.00000    0  297   17.00000   17.00000  0.00%     -  143s

Cutting planes:
  Cover: 17
  Clique: 83
  GUB cover: 16
  Zero half: 1

Explored 1 nodes (48449 simplex iterations) in 143.91 seconds (181.00 work units)
Thread count was 8 (of 8 available processors)

Solution count 8: 17 18 45 ... 82

Optimal solution found (tolerance 1.00e-04)
Best objective 1.700000000000e+01, best bound 1.700000000000e+01, gap 0.0000%
     LP=16.2800  obj=17.0  nodes=1  time=143.92s  [OPT]

[instance_04]  m=87  n=87  R=25
  -- F1
Set parameter OutputFlag to value 1
Set parameter TimeLimit to value 600
Gurobi Optimizer version 12.0.3 build v12.0.3rc0 (mac64[arm] - Darwin 25.4.0 25E253)

CPU model: Apple M2
Thread count: 8 physical cores, 8 logical processors, using up to 8 threads

Non-default parameters:
TimeLimit  600

Optimize a model with 160601 rows, 7656 columns and 336079 nonzeros
Model fingerprint: 0x1a8d0876
Variable types: 0 continuous, 7656 integer (7656 binary)
Coefficient statistics:
  Matrix range     [1e+00, 2e+01]
  Objective range  [1e+00, 1e+00]
  Bounds range     [1e+00, 1e+00]
  RHS range        [1e+00, 1e+00]
Found heuristic solution: objective 86.0000000
Presolve removed 129806 rows and 2 columns
Presolve time: 0.91s
Presolved: 30795 rows, 7654 columns, 182819 nonzeros
Variable types: 0 continuous, 7654 integer (7654 binary)

Root relaxation: objective 1.676000e+01, 7346 iterations, 3.46 seconds (5.04 work units)
Total elapsed time = 9.17s (DegenMoves)

    Nodes    |    Current Node    |     Objective Bounds      |     Work
 Expl Unexpl |  Obj  Depth IntInf | Incumbent    BestBd   Gap | It/Node Time

     0     0   16.76000    0  825   86.00000   16.76000  80.5%     -   32s
H    0     0                      60.0000000   16.76000  72.1%     -   35s
H    0     0                      32.0000000   16.76000  47.6%     -   35s
H    0     0                      24.0000000   16.76000  30.2%     -   35s
H    0     0                      23.0000000   16.76000  27.1%     -   35s
H    0     0                      18.0000000   16.76000  6.89%     -   37s
     0     0   17.00000    0  241   18.00000   17.00000  5.56%     -   37s
     0     0   17.00000    0  161   18.00000   17.00000  5.56%     -   40s
     0     0   17.00000    0  263   18.00000   17.00000  5.56%     -   40s
     0     0   17.00000    0  265   18.00000   17.00000  5.56%     -   40s
     0     0   17.00000    0   38   18.00000   17.00000  5.56%     -   41s
     0     0   17.00000    0   70   18.00000   17.00000  5.56%     -   41s
     0     0   17.00000    0   95   18.00000   17.00000  5.56%     -   42s
     0     0   17.00000    0  101   18.00000   17.00000  5.56%     -   42s
     0     0   17.00000    0  147   18.00000   17.00000  5.56%     -   43s
     0     0   17.00000    0  111   18.00000   17.00000  5.56%     -   43s
H    0     0                      17.0000000   17.00000  0.00%     -   45s
     0     0   17.00000    0  127   17.00000   17.00000  0.00%     -   45s

Cutting planes:
  Cover: 14
  Clique: 47
  MIR: 8
  StrongCG: 6
  GUB cover: 5
  Zero half: 72
  RLT: 3
  Relax-and-lift: 2

Explored 1 nodes (99136 simplex iterations) in 45.13 seconds (61.25 work units)
Thread count was 8 (of 8 available processors)

Solution count 7: 17 18 23 ... 86

Optimal solution found (tolerance 1.00e-04)
Best objective 1.700000000000e+01, best bound 1.700000000000e+01, gap 0.0000%
     LP=16.7600  obj=17.0  nodes=1  time=45.13s  [OPT]
  -- F2
Set parameter OutputFlag to value 1
Set parameter TimeLimit to value 600
Gurobi Optimizer version 12.0.3 build v12.0.3rc0 (mac64[arm] - Darwin 25.4.0 25E253)

CPU model: Apple M2
Thread count: 8 physical cores, 8 logical processors, using up to 8 threads

Non-default parameters:
TimeLimit  600

Optimize a model with 733148 rows, 7656 columns and 4206100 nonzeros
Model fingerprint: 0x2f24fc6d
Variable types: 0 continuous, 7656 integer (7656 binary)
Coefficient statistics:
  Matrix range     [1e+00, 2e+01]
  Objective range  [1e+00, 1e+00]
  Bounds range     [1e+00, 1e+00]
  RHS range        [1e+00, 1e+00]
Found heuristic solution: objective 86.0000000
Presolve removed 0 rows and 0 columns (presolve time = 5s)...
Presolve removed 0 rows and 0 columns (presolve time = 10s)...
Presolve removed 0 rows and 2 columns (presolve time = 15s)...
Presolve removed 0 rows and 2 columns
Presolve time: 16.34s
Presolved: 733148 rows, 7654 columns, 4219243 nonzeros
Variable types: 0 continuous, 7654 integer (7654 binary)
Root relaxation presolved: 7654 rows, 740802 columns, 4226897 nonzeros


Root simplex log...

Iteration    Objective       Primal Inf.    Dual Inf.      Time
       0    1.6760000e+01   0.000000e+00   3.705724e+04     20s
     896    1.6760000e+01   0.000000e+00   8.503290e+04     20s
   13446    1.6806345e+01   0.000000e+00   1.273148e+05     25s
   26886    1.6815187e+01   0.000000e+00   6.648780e+01     30s
   32336    1.6760000e+01   0.000000e+00   0.000000e+00     32s
   32336    1.6760000e+01   0.000000e+00   0.000000e+00     32s
   32336    1.6760000e+01   0.000000e+00   0.000000e+00     32s

Root relaxation: objective 1.676000e+01, 32336 iterations, 15.30 seconds (20.22 work units)
Total elapsed time = 53.12s (DegenMoves)

    Nodes    |    Current Node    |     Objective Bounds      |     Work
 Expl Unexpl |  Obj  Depth IntInf | Incumbent    BestBd   Gap | It/Node Time

     0     0   16.76000    0  168   86.00000   16.76000  80.5%     -  112s
     0     0   17.00000    0  236   86.00000   17.00000  80.2%     -  121s
H    0     0                      49.0000000   17.00000  65.3%     -  121s
H    0     0                      32.0000000   17.00000  46.9%     -  121s
H    0     0                      29.0000000   17.00000  41.4%     -  121s
H    0     0                      28.0000000   17.00000  39.3%     -  121s
H    0     0                      18.0000000   17.00000  5.56%     -  122s
     0     0   17.00000    0  239   18.00000   17.00000  5.56%     -  128s
     0     0   17.00000    0  303   18.00000   17.00000  5.56%     -  188s
     0     0   17.00000    0  316   18.00000   17.00000  5.56%     -  191s
     0     0   17.00000    0  271   18.00000   17.00000  5.56%     -  202s
     0     0   17.00000    0  254   18.00000   17.00000  5.56%     -  283s
     0     0   17.00000    0  253   18.00000   17.00000  5.56%     -  284s
     0     0   17.00000    0   22   18.00000   17.00000  5.56%     -  349s
     0     0   17.00000    0  120   18.00000   17.00000  5.56%     -  411s
     0     0   17.00000    0  160   18.00000   17.00000  5.56%     -  413s
     0     0   17.00000    0  155   18.00000   17.00000  5.56%     -  462s
     0     0   17.00000    0  169   18.00000   17.00000  5.56%     -  463s
     0     0   17.00000    0  184   18.00000   17.00000  5.56%     -  520s
     0     0   17.00000    0  189   18.00000   17.00000  5.56%     -  525s
     0     0   17.00000    0  152   18.00000   17.00000  5.56%     -  589s
     0     0   17.00000    0  154   18.00000   17.00000  5.56%     -  590s
     0     0   17.00000    0  216   18.00000   17.00000  5.56%     -  600s

Cutting planes:
  Cover: 8
  MIR: 8
  StrongCG: 2
  GUB cover: 5
  Zero half: 144
  RLT: 2
  Relax-and-lift: 5

Explored 1 nodes (142905 simplex iterations) in 600.11 seconds (466.21 work units)
Thread count was 8 (of 8 available processors)

Solution count 6: 18 28 29 ... 86

Time limit reached
Best objective 1.800000000000e+01, best bound 1.700000000000e+01, gap 5.5556%
     LP=16.7600  obj=18.0  nodes=1  time=600.13s  [TL]

[instance_05]  m=87  n=87  R=25
  -- F1
Set parameter OutputFlag to value 1
Set parameter TimeLimit to value 600
Gurobi Optimizer version 12.0.3 build v12.0.3rc0 (mac64[arm] - Darwin 25.4.0 25E253)

CPU model: Apple M2
Thread count: 8 physical cores, 8 logical processors, using up to 8 threads

Non-default parameters:
TimeLimit  600

Optimize a model with 162689 rows, 7656 columns and 340255 nonzeros
Model fingerprint: 0x0fb5f8d5
Variable types: 0 continuous, 7656 integer (7656 binary)
Coefficient statistics:
  Matrix range     [1e+00, 2e+01]
  Objective range  [1e+00, 1e+00]
  Bounds range     [1e+00, 1e+00]
  RHS range        [1e+00, 1e+00]
Found heuristic solution: objective 87.0000000
Presolve removed 132503 rows and 2 columns
Presolve time: 0.92s
Presolved: 30186 rows, 7654 columns, 181874 nonzeros
Variable types: 0 continuous, 7654 integer (7654 binary)

Root simplex log...

Iteration    Objective       Primal Inf.    Dual Inf.      Time
   10441    1.6600204e+01   4.936976e+03   0.000000e+00      5s
   12135    1.6600000e+01   0.000000e+00   0.000000e+00      6s

Root relaxation: objective 1.660000e+01, 12135 iterations, 5.27 seconds (7.20 work units)
Total elapsed time = 11.11s (DegenMoves)
Total elapsed time = 28.92s (DegenMoves)
Total elapsed time = 30.42s (DegenMoves)

    Nodes    |    Current Node    |     Objective Bounds      |     Work
 Expl Unexpl |  Obj  Depth IntInf | Incumbent    BestBd   Gap | It/Node Time

     0     0   16.60000    0  160   87.00000   16.60000  80.9%     -   31s
     0     0   17.00000    0  115   87.00000   17.00000  80.5%     -   31s
H    0     0                      25.0000000   17.00000  32.0%     -   31s
H    0     0                      24.0000000   17.00000  29.2%     -   31s
H    0     0                      18.0000000   17.00000  5.56%     -   31s
     0     0   17.00000    0  254   18.00000   17.00000  5.56%     -   33s
     0     0   17.00000    0  242   18.00000   17.00000  5.56%     -   34s
     0     0   17.00000    0  284   18.00000   17.00000  5.56%     -   34s
     0     0   17.00000    0  261   18.00000   17.00000  5.56%     -   34s
     0     0   17.00000    0  253   18.00000   17.00000  5.56%     -   35s
     0     0   17.00000    0   78   18.00000   17.00000  5.56%     -   36s
     0     0   17.00000    0  173   18.00000   17.00000  5.56%     -   36s
     0     0   17.00000    0  205   18.00000   17.00000  5.56%     -   36s
     0     0   17.00000    0  210   18.00000   17.00000  5.56%     -   36s
     0     0   17.00000    0  156   18.00000   17.00000  5.56%     -   36s
     0     0   17.00000    0  109   18.00000   17.00000  5.56%     -   37s
     0     0   17.00000    0  116   18.00000   17.00000  5.56%     -   37s
     0     0   17.00000    0   73   18.00000   17.00000  5.56%     -   37s
     0     0   17.00000    0   90   18.00000   17.00000  5.56%     -   37s
     0     0   17.00000    0   32   18.00000   17.00000  5.56%     -   37s
     0     0   17.00000    0   92   18.00000   17.00000  5.56%     -   37s
     0     0   17.00000    0   65   18.00000   17.00000  5.56%     -   37s
     0     0   17.00000    0   65   18.00000   17.00000  5.56%     -   38s
     0     2   17.00000    0   65   18.00000   17.00000  5.56%     -   38s
    78   141   17.00000   10   65   18.00000   17.00000  5.56%   362   40s
H  312   512                      17.0000000   17.00000  0.00%   229   43s

Cutting planes:
  Gomory: 2
  Cover: 23
  Clique: 18
  MIR: 12
  StrongCG: 2
  GUB cover: 5
  Zero half: 5
  RLT: 5
  Relax-and-lift: 1

Explored 523 nodes (191687 simplex iterations) in 43.23 seconds (58.01 work units)
Thread count was 8 (of 8 available processors)

Solution count 5: 17 18 24 ... 87

Optimal solution found (tolerance 1.00e-04)
Best objective 1.700000000000e+01, best bound 1.700000000000e+01, gap 0.0000%
     LP=16.6000  obj=17.0  nodes=523  time=43.23s  [OPT]
  -- F2
Set parameter OutputFlag to value 1
Set parameter TimeLimit to value 600
Gurobi Optimizer version 12.0.3 build v12.0.3rc0 (mac64[arm] - Darwin 25.4.0 25E253)

CPU model: Apple M2
Thread count: 8 physical cores, 8 logical processors, using up to 8 threads

Non-default parameters:
TimeLimit  600

Optimize a model with 770384 rows, 7656 columns and 4482238 nonzeros
Model fingerprint: 0x04cfce0b
Variable types: 0 continuous, 7656 integer (7656 binary)
Coefficient statistics:
  Matrix range     [1e+00, 2e+01]
  Objective range  [1e+00, 1e+00]
  Bounds range     [1e+00, 1e+00]
  RHS range        [1e+00, 1e+00]
Found heuristic solution: objective 87.0000000
Presolve removed 0 rows and 0 columns (presolve time = 5s)...
Presolve removed 0 rows and 0 columns (presolve time = 10s)...
Presolve removed 0 rows and 0 columns (presolve time = 15s)...
Presolve time: 18.22s
Presolved: 770384 rows, 7656 columns, 4497668 nonzeros
Variable types: 0 continuous, 7656 integer (7656 binary)
Root relaxation presolved: 7656 rows, 778040 columns, 4505324 nonzeros


Root simplex log...

Iteration    Objective       Primal Inf.    Dual Inf.      Time
       0    1.6600000e+01   0.000000e+00   4.175880e+04     26s
    9520    1.6644038e+01   0.000000e+00   3.526614e+05     30s
   19040    1.6671043e+01   0.000000e+00   1.072683e+05     35s
   32469    1.6600000e+01   0.000000e+00   0.000000e+00     40s
   32469    1.6600000e+01   0.000000e+00   0.000000e+00     40s
   32469    1.6600000e+01   0.000000e+00   0.000000e+00     40s

Root relaxation: objective 1.660000e+01, 32469 iterations, 21.40 seconds (20.97 work units)
Total elapsed time = 78.61s (DegenMoves)
Total elapsed time = 132.59s (DegenMoves)
Total elapsed time = 150.38s (DegenMoves)
Total elapsed time = 169.96s (DegenMoves)

    Nodes    |    Current Node    |     Objective Bounds      |     Work
 Expl Unexpl |  Obj  Depth IntInf | Incumbent    BestBd   Gap | It/Node Time

     0     0   16.60000    0  402   87.00000   16.60000  80.9%     -  182s
     0     0   17.00000    0  300   87.00000   17.00000  80.5%     -  202s
H    0     0                      85.0000000   17.00000  80.0%     -  203s
H    0     0                      24.0000000   17.00000  29.2%     -  204s
H    0     0                      21.0000000   17.00000  19.0%     -  204s
H    0     0                      20.0000000   17.00000  15.0%     -  204s
H    0     0                      19.0000000   17.00000  10.5%     -  205s
H    0     0                      18.0000000   17.00000  5.56%     -  205s
     0     0   17.00000    0  294   18.00000   17.00000  5.56%     -  212s
     0     0   17.00000    0  173   18.00000   17.00000  5.56%     -  287s
     0     0   17.00000    0  316   18.00000   17.00000  5.56%     -  306s
     0     0   17.00000    0  256   18.00000   17.00000  5.56%     -  324s
     0     0   17.00000    0  258   18.00000   17.00000  5.56%     -  328s
     0     0   17.00000    0  329   18.00000   17.00000  5.56%     -  386s
     0     0   17.00000    0  327   18.00000   17.00000  5.56%     -  395s
     0     0   17.00000    0  331   18.00000   17.00000  5.56%     -  396s
     0     0   17.00000    0  132   18.00000   17.00000  5.56%     -  497s
     0     0   17.00000    0  164   18.00000   17.00000  5.56%     -  498s
     0     0   17.00000    0  177   18.00000   17.00000  5.56%     -  551s
     0     0   17.00000    0  173   18.00000   17.00000  5.56%     -  590s
     0     0   17.00000    0  154   18.00000   17.00000  5.56%     -  600s

Cutting planes:
  Cover: 13
  MIR: 5
  StrongCG: 1
  GUB cover: 2
  Zero half: 87
  RLT: 2
  Relax-and-lift: 8

Explored 1 nodes (156403 simplex iterations) in 600.12 seconds (453.76 work units)
Thread count was 8 (of 8 available processors)

Solution count 7: 18 19 20 ... 87

Time limit reached
Best objective 1.800000000000e+01, best bound 1.700000000000e+01, gap 5.5556%
     LP=16.6000  obj=18.0  nodes=1  time=600.15s  [TL]

[instance_06]  m=87  n=87  R=25
  -- F1
Set parameter OutputFlag to value 1
Set parameter TimeLimit to value 600
Gurobi Optimizer version 12.0.3 build v12.0.3rc0 (mac64[arm] - Darwin 25.4.0 25E253)

CPU model: Apple M2
Thread count: 8 physical cores, 8 logical processors, using up to 8 threads

Non-default parameters:
TimeLimit  600

Optimize a model with 158687 rows, 7656 columns and 332251 nonzeros
Model fingerprint: 0x6153051b
Variable types: 0 continuous, 7656 integer (7656 binary)
Coefficient statistics:
  Matrix range     [1e+00, 2e+01]
  Objective range  [1e+00, 1e+00]
  Bounds range     [1e+00, 1e+00]
  RHS range        [1e+00, 1e+00]
Found heuristic solution: objective 83.0000000
Presolve removed 128889 rows and 354 columns
Presolve time: 2.31s
Presolved: 29798 rows, 7302 columns, 172898 nonzeros
Variable types: 0 continuous, 7302 integer (7302 binary)

Root relaxation: objective 1.776000e+01, 4856 iterations, 1.98 seconds (2.66 work units)
Total elapsed time = 6.87s (DegenMoves)

    Nodes    |    Current Node    |     Objective Bounds      |     Work
 Expl Unexpl |  Obj  Depth IntInf | Incumbent    BestBd   Gap | It/Node Time

     0     0   17.76000    0  611   83.00000   17.76000  78.6%     -   23s
     0     0   18.00000    0  244   83.00000   18.00000  78.3%     -   25s
H    0     0                      70.0000000   18.00000  74.3%     -   25s
H    0     0                      22.0000000   18.00000  18.2%     -   25s
H    0     0                      20.0000000   18.00000  10.0%     -   25s
H    0     0                      19.0000000   18.00000  5.26%     -   25s
     0     0   18.00000    0  229   19.00000   18.00000  5.26%     -   27s
     0     0   18.00000    0   51   19.00000   18.00000  5.26%     -   28s
     0     0   18.00000    0  195   19.00000   18.00000  5.26%     -   29s
     0     0   18.00000    0  221   19.00000   18.00000  5.26%     -   29s
     0     0   18.00000    0  207   19.00000   18.00000  5.26%     -   29s
     0     0   18.00000    0   71   19.00000   18.00000  5.26%     -   31s
     0     0   18.00000    0  163   19.00000   18.00000  5.26%     -   31s
     0     0   18.00000    0  144   19.00000   18.00000  5.26%     -   31s
     0     0   18.00000    0   85   19.00000   18.00000  5.26%     -   32s
     0     0   18.00000    0   65   19.00000   18.00000  5.26%     -   32s
     0     0   18.00000    0   14   19.00000   18.00000  5.26%     -   32s
     0     0   18.00000    0  101   19.00000   18.00000  5.26%     -   33s
     0     0   18.00000    0   56   19.00000   18.00000  5.26%     -   33s
     0     0   18.00000    0   68   19.00000   18.00000  5.26%     -   33s
     0     0   18.00000    0   44   19.00000   18.00000  5.26%     -   34s
     0     0   18.00000    0   48   19.00000   18.00000  5.26%     -   34s
     0     0   18.00000    0   48   19.00000   18.00000  5.26%     -   34s
     0     0   18.00000    0   48   19.00000   18.00000  5.26%     -   35s
     0     2   18.00000    0   48   19.00000   18.00000  5.26%     -   37s
    94   239   18.00000   10   36   19.00000   18.00000  5.26%   357   41s
   872  1120   18.00000   47   52   19.00000   18.00000  5.26%   117   47s
  1534  1550   18.00000   71   83   19.00000   18.00000  5.26%  90.1   50s
H 2295  1474                      18.0000000   18.00000  0.00%  81.7   52s

Explored 2295 nodes (280102 simplex iterations) in 52.06 seconds (50.81 work units)
Thread count was 8 (of 8 available processors)

Solution count 6: 18 19 20 ... 83

Optimal solution found (tolerance 1.00e-04)
Best objective 1.800000000000e+01, best bound 1.800000000000e+01, gap 0.0000%
     LP=17.7600  obj=18.0  nodes=2295  time=52.07s  [OPT]
  -- F2
Set parameter OutputFlag to value 1
Set parameter TimeLimit to value 600
Gurobi Optimizer version 12.0.3 build v12.0.3rc0 (mac64[arm] - Darwin 25.4.0 25E253)

CPU model: Apple M2
Thread count: 8 physical cores, 8 logical processors, using up to 8 threads

Non-default parameters:
TimeLimit  600

Optimize a model with 677207 rows, 7656 columns and 3847747 nonzeros
Model fingerprint: 0x9a6b797e
Variable types: 0 continuous, 7656 integer (7656 binary)
Coefficient statistics:
  Matrix range     [1e+00, 2e+01]
  Objective range  [1e+00, 1e+00]
  Bounds range     [1e+00, 1e+00]
  RHS range        [1e+00, 1e+00]
Found heuristic solution: objective 86.0000000
Presolve removed 0 rows and 0 columns (presolve time = 5s)...
Presolve removed 0 rows and 0 columns (presolve time = 10s)...
Presolve removed 0 rows and 0 columns (presolve time = 15s)...
Presolve removed 0 rows and 2 columns
Presolve time: 17.03s
Presolved: 677207 rows, 7654 columns, 3860732 nonzeros
Variable types: 0 continuous, 7654 integer (7654 binary)
Root relaxation presolved: 7654 rows, 684861 columns, 3868386 nonzeros


Root simplex log...

Iteration    Objective       Primal Inf.    Dual Inf.      Time
       0    1.7760000e+01   0.000000e+00   3.354120e+04     21s
   10080    1.7795935e+01   0.000000e+00   2.167856e+05     25s
   19320    1.7809661e+01   0.000000e+00   2.697941e+04     30s
   30039    1.7760000e+01   0.000000e+00   0.000000e+00     35s
   30039    1.7760000e+01   0.000000e+00   0.000000e+00     35s
   30039    1.7760000e+01   0.000000e+00   0.000000e+00     35s

Root relaxation: objective 1.776000e+01, 30039 iterations, 16.98 seconds (20.75 work units)
Total elapsed time = 78.56s (DegenMoves)
Total elapsed time = 104.02s (DegenMoves)

    Nodes    |    Current Node    |     Objective Bounds      |     Work
 Expl Unexpl |  Obj  Depth IntInf | Incumbent    BestBd   Gap | It/Node Time

     0     0   17.76000    0  449   86.00000   17.76000  79.3%     -  116s
H    0     0                      74.0000000   17.76000  76.0%     -  116s
H    0     0                      70.0000000   17.76000  74.6%     -  143s
H    0     0                      28.0000000   17.76000  36.6%     -  143s
H    0     0                      25.0000000   17.76000  29.0%     -  143s
H    0     0                      24.0000000   17.76000  26.0%     -  143s
H    0     0                      23.0000000   17.76000  22.8%     -  143s
H    0     0                      22.0000000   17.76000  19.3%     -  144s
H    0     0                      20.0000000   17.76000  11.2%     -  144s
     0     0   17.76000    0  444   20.00000   17.76000  11.2%     -  168s
     0     0   18.00000    0  211   20.00000   18.00000  10.0%     -  177s
     0     0   18.00000    0  151   20.00000   18.00000  10.0%     -  287s
H    0     0                      19.0000000   18.00000  5.26%     -  287s
     0     0   18.00000    0  218   19.00000   18.00000  5.26%     -  302s
     0     0   18.00000    0  228   19.00000   18.00000  5.26%     -  319s
     0     0   18.00000    0  218   19.00000   18.00000  5.26%     -  325s
     0     0   18.00000    0  141   19.00000   18.00000  5.26%     -  365s
     0     0   18.00000    0  161   19.00000   18.00000  5.26%     -  369s
     0     0   18.00000    0  160   19.00000   18.00000  5.26%     -  370s
     0     0   18.00000    0  153   19.00000   18.00000  5.26%     -  388s
     0     0   18.00000    0  146   19.00000   18.00000  5.26%     -  389s
     0     0   18.00000    0  132   19.00000   18.00000  5.26%     -  399s
     0     0   18.00000    0  102   19.00000   18.00000  5.26%     -  401s
     0     0   18.00000    0   43   19.00000   18.00000  5.26%     -  415s
     0     0   18.00000    0   33   19.00000   18.00000  5.26%     -  416s
     0     0   18.00000    0   11   19.00000   18.00000  5.26%     -  484s
     0     0   18.00000    0  103   19.00000   18.00000  5.26%     -  488s
     0     0   18.00000    0   29   19.00000   18.00000  5.26%     -  549s
     0     0   18.00000    0  186   19.00000   18.00000  5.26%     -  555s
     0     0   18.00000    0  139   19.00000   18.00000  5.26%     -  577s
     0     0   18.00000    0  110   19.00000   18.00000  5.26%     -  600s

Cutting planes:
  Cover: 20
  MIR: 9
  StrongCG: 3
  GUB cover: 5
  Zero half: 23
  RLT: 2
  Relax-and-lift: 4

Explored 1 nodes (177124 simplex iterations) in 600.14 seconds (488.60 work units)
Thread count was 8 (of 8 available processors)

Solution count 10: 19 20 22 ... 86

Time limit reached
Best objective 1.900000000000e+01, best bound 1.800000000000e+01, gap 5.2632%
     LP=17.7600  obj=19.0  nodes=1  time=600.16s  [TL]

[instance_07]  m=82  n=82  R=25
  -- F1
Set parameter OutputFlag to value 1
Set parameter TimeLimit to value 600
Gurobi Optimizer version 12.0.3 build v12.0.3rc0 (mac64[arm] - Darwin 25.4.0 25E253)

CPU model: Apple M2
Thread count: 8 physical cores, 8 logical processors, using up to 8 threads

Non-default parameters:
TimeLimit  600

Optimize a model with 136365 rows, 6806 columns and 285932 nonzeros
Model fingerprint: 0xa5a53f0e
Variable types: 0 continuous, 6806 integer (6806 binary)
Coefficient statistics:
  Matrix range     [1e+00, 2e+01]
  Objective range  [1e+00, 1e+00]
  Bounds range     [1e+00, 1e+00]
  RHS range        [1e+00, 1e+00]
Found heuristic solution: objective 79.0000000
Presolve removed 111954 rows and 251 columns
Presolve time: 1.99s
Presolved: 24411 rows, 6555 columns, 150917 nonzeros
Variable types: 0 continuous, 6555 integer (6555 binary)

Root simplex log...

Iteration    Objective       Primal Inf.    Dual Inf.      Time
   10076    1.6880223e+01   5.186714e+03   0.000000e+00      5s
   13628    1.6880000e+01   0.000000e+00   0.000000e+00      7s

Root relaxation: objective 1.688000e+01, 13628 iterations, 4.80 seconds (5.91 work units)
Total elapsed time = 11.02s (DegenMoves)
Total elapsed time = 27.49s (DegenMoves)
Total elapsed time = 30.67s (DegenMoves)

    Nodes    |    Current Node    |     Objective Bounds      |     Work
 Expl Unexpl |  Obj  Depth IntInf | Incumbent    BestBd   Gap | It/Node Time

     0     0   16.88000    0  535   79.00000   16.88000  78.6%     -   34s
     0     0   17.00000    0  172   79.00000   17.00000  78.5%     -   35s
H    0     0                      73.0000000   17.00000  76.7%     -   35s
H    0     0                      20.0000000   17.00000  15.0%     -   36s
H    0     0                      19.0000000   17.00000  10.5%     -   36s
H    0     0                      18.0000000   17.00000  5.56%     -   37s
     0     0   17.00000    0  232   18.00000   17.00000  5.56%     -   39s
     0     0   17.00000    0  246   18.00000   17.00000  5.56%     -   40s
     0     0   17.00000    0  257   18.00000   17.00000  5.56%     -   40s
     0     0   17.00000    0  217   18.00000   17.00000  5.56%     -   41s
     0     0   17.00000    0  164   18.00000   17.00000  5.56%     -   41s
     0     0   17.00000    0  147   18.00000   17.00000  5.56%     -   42s
     0     0   17.00000    0  156   18.00000   17.00000  5.56%     -   43s
     0     0   17.00000    0  119   18.00000   17.00000  5.56%     -   43s
     0     0   17.00000    0  122   18.00000   17.00000  5.56%     -   44s
     0     0   17.00000    0  110   18.00000   17.00000  5.56%     -   45s
     0     0   17.00000    0   29   18.00000   17.00000  5.56%     -   45s
     0     0   17.00000    0   79   18.00000   17.00000  5.56%     -   45s
     0     0   17.00000    0   94   18.00000   17.00000  5.56%     -   47s
     0     0   17.00000    0   95   18.00000   17.00000  5.56%     -   47s
     0     0   17.00000    0   65   18.00000   17.00000  5.56%     -   48s
     0     0   17.00000    0  118   18.00000   17.00000  5.56%     -   48s
     0     0   17.00000    0  129   18.00000   17.00000  5.56%     -   49s
     0     0   17.00000    0  129   18.00000   17.00000  5.56%     -   49s
     0     2   17.00000    0  126   18.00000   17.00000  5.56%     -   50s
   131   175   17.00000   11  173   18.00000   17.00000  5.56%   293   56s
   250   336   17.00000   13  166   18.00000   17.00000  5.56%   217   66s
   351   475   17.00000   27  170   18.00000   17.00000  5.56%   190   77s
   504  1649   17.00000   27  171   18.00000   17.00000  5.56%   162   88s
  2704  2325 infeasible   83        18.00000   17.00000  5.56%  77.4   91s
  4053  2329   17.00000   62  166   18.00000   17.00000  5.56%  71.8   95s
  4060  2334   17.00000   62  188   18.00000   17.00000  5.56%  71.7  100s
  4067  2339   17.00000   30   22   18.00000   17.00000  5.56%  71.5  105s
  4128  2424   17.00000   23  180   18.00000   17.00000  5.56%  95.5  111s
  4195  2459   17.00000   25  154   18.00000   17.00000  5.56%  98.2  119s
  4229  2627   17.00000   26  166   18.00000   17.00000  5.56%  98.5  127s
  4412  3082   17.00000   39  161   18.00000   17.00000  5.56%   100  141s
  5253  3534 infeasible   83        18.00000   17.00000  5.56%  98.9  152s
  6663  3796   17.00000   84   48   18.00000   17.00000  5.56%  99.3  158s
  8328  3619   17.00000   89   51   18.00000   17.00000  5.56%   100  161s
 10459  3343   17.00000   94   59   18.00000   17.00000  5.56%   100  166s
 11811  3606   17.00000  107   56   18.00000   17.00000  5.56%   102  171s
 12325  3837 infeasible   94        18.00000   17.00000  5.56%   104  175s
 13503  4175 infeasible   87        18.00000   17.00000  5.56%   106  181s
 14249  4618   17.00000   97   95   18.00000   17.00000  5.56%   107  185s
 15781  5035   17.00000  110   66   18.00000   17.00000  5.56%   107  190s
 17427  5322   17.00000   90   67   18.00000   17.00000  5.56%   106  195s
 18903  5732   17.00000   83   57   18.00000   17.00000  5.56%   106  200s
 20682  6224   17.00000   78   87   18.00000   17.00000  5.56%   107  206s
 22046  6590   17.00000   97   56   18.00000   17.00000  5.56%   107  211s
 23437  6903 infeasible  101        18.00000   17.00000  5.56%   108  216s
 24174  6941   17.00000   93   59   18.00000   17.00000  5.56%   109  221s
 24787  7182   17.00000   96   69   18.00000   17.00000  5.56%   108  225s
 25914  7612 infeasible  102        18.00000   17.00000  5.56%   108  231s
 27258  8315   17.00000   97   66   18.00000   17.00000  5.56%   108  237s
 28205  8349   17.00000  105   81   18.00000   17.00000  5.56%   108  240s
 28449  8451   17.00000  102   45   18.00000   17.00000  5.56%   108  245s
 28788  8690   17.00000  121   46   18.00000   17.00000  5.56%   108  251s
 29353  9029   17.00000  108   60   18.00000   17.00000  5.56%   108  305s
 31666  9299 infeasible  105        18.00000   17.00000  5.56%   108  311s
 33582  9516   17.00000   92   58   18.00000   17.00000  5.56%   107  316s
 35231  9683 infeasible   99        18.00000   17.00000  5.56%   107  321s
 36492 10001   17.00000  107   40   18.00000   17.00000  5.56%   108  326s
 38207 10293   17.00000   93   82   18.00000   17.00000  5.56%   107  331s
 39846 10550   17.00000  103   83   18.00000   17.00000  5.56%   108  335s
 39978 10600   17.00000   89   89   18.00000   17.00000  5.56%   108  342s
 40768 10874   17.00000   98   58   18.00000   17.00000  5.56%   108  346s
 42043 11113   17.00000  103   79   18.00000   17.00000  5.56%   108  351s
 43773 11512 infeasible  108        18.00000   17.00000  5.56%   108  357s
 44565 11850   17.00000   97   54   18.00000   17.00000  5.56%   108  361s
 46615 12124   17.00000  114   64   18.00000   17.00000  5.56%   109  367s
 47438 12333 infeasible  103        18.00000   17.00000  5.56%   109  370s
 49269 12775 infeasible  103        18.00000   17.00000  5.56%   109  375s
 51020 13142 infeasible   88        18.00000   17.00000  5.56%   110  380s
 52685 13564   17.00000   98   80   18.00000   17.00000  5.56%   110  386s
 54232 14327   17.00000   91   66   18.00000   17.00000  5.56%   110  391s
 55760 14728 infeasible  109        18.00000   17.00000  5.56%   111  396s
 57224 15261 infeasible   98        18.00000   17.00000  5.56%   111  402s
 58821 15796 infeasible  110        18.00000   17.00000  5.56%   112  407s
 59673 16210   17.00000   96   65   18.00000   17.00000  5.56%   112  412s
 61817 16567   17.00000   97   42   18.00000   17.00000  5.56%   111  416s
 64225 16895 infeasible  102        18.00000   17.00000  5.56%   111  421s
 65065 16990 infeasible  103        18.00000   17.00000  5.56%   111  425s
 66252 17246 infeasible   99        18.00000   17.00000  5.56%   111  431s
 68259 17488 infeasible  115        18.00000   17.00000  5.56%   111  436s
 69759 17805 infeasible   97        18.00000   17.00000  5.56%   111  441s
 71430 18045 infeasible  111        18.00000   17.00000  5.56%   111  446s
 73320 18199 infeasible  103        18.00000   17.00000  5.56%   111  451s
 73830 18438   17.00000  110   45   18.00000   17.00000  5.56%   111  456s
 75753 18870   17.00000  102   34   18.00000   17.00000  5.56%   111  462s
 76653 18967   17.00000  102   65   18.00000   17.00000  5.56%   111  465s
 78422 19311   17.00000   93   58   18.00000   17.00000  5.56%   111  471s
 80249 19554   17.00000   92   74   18.00000   17.00000  5.56%   110  475s
 81181 19566   17.00000   87   52   18.00000   17.00000  5.56%   110  482s
 81332 19605   17.00000   89   64   18.00000   17.00000  5.56%   110  485s
 81807 19742   17.00000   91   70   18.00000   17.00000  5.56%   110  491s
 82562 19940   17.00000   92   45   18.00000   17.00000  5.56%   110  495s
 83424 20123 infeasible   94        18.00000   17.00000  5.56%   110  500s
 84498 20305   17.00000   92   84   18.00000   17.00000  5.56%   110  505s
 86467 20723 infeasible   96        18.00000   17.00000  5.56%   110  510s
 88638 21154 infeasible   97        18.00000   17.00000  5.56%   110  515s
 89187 21345 infeasible  102        18.00000   17.00000  5.56%   110  521s
 89595 21863 infeasible  108        18.00000   17.00000  5.56%   110  527s
 91410 21946   17.00000  102   58   18.00000   17.00000  5.56%   111  530s
 93153 22255   17.00000  115   61   18.00000   17.00000  5.56%   111  536s
 95567 22735   17.00000   97   63   18.00000   17.00000  5.56%   111  541s
 97614 22907   17.00000  106   67   18.00000   17.00000  5.56%   111  546s
 99581 23397 infeasible  101        18.00000   17.00000  5.56%   111  551s
 100763 23570 infeasible  106        18.00000   17.00000  5.56%   111  556s
 102156 23945 infeasible  115        18.00000   17.00000  5.56%   111  561s
 104214 24314   17.00000   85   51   18.00000   17.00000  5.56%   111  566s
 106165 24764   17.00000   91   66   18.00000   17.00000  5.56%   111  570s
 108983 25341   17.00000   85   51   18.00000   17.00000  5.56%   111  576s
 110742 25670 infeasible   82        18.00000   17.00000  5.56%   111  580s
 113577 26162   17.00000   99   86   18.00000   17.00000  5.56%   110  586s
 115273 26278 infeasible  102        18.00000   17.00000  5.56%   110  591s
 116866 26588   17.00000   97   80   18.00000   17.00000  5.56%   110  596s
 118369 27094   17.00000  100   40   18.00000   17.00000  5.56%   110  600s

Cutting planes:
  Cover: 2
  Clique: 12
  MIR: 9
  StrongCG: 4
  Flow cover: 5
  GUB cover: 2
  Zero half: 8
  RLT: 2

Explored 118886 nodes (13101826 simplex iterations) in 600.04 seconds (348.89 work units)
Thread count was 8 (of 8 available processors)

Solution count 5: 18 19 20 ... 79

Time limit reached
Best objective 1.800000000000e+01, best bound 1.700000000000e+01, gap 5.5556%
     LP=16.8800  obj=18.0  nodes=118886  time=600.04s  [TL]
  -- F2
Set parameter OutputFlag to value 1
Set parameter TimeLimit to value 600
Gurobi Optimizer version 12.0.3 build v12.0.3rc0 (mac64[arm] - Darwin 25.4.0 25E253)

CPU model: Apple M2
Thread count: 8 physical cores, 8 logical processors, using up to 8 threads

Non-default parameters:
TimeLimit  600

Optimize a model with 531687 rows, 6806 columns and 3100254 nonzeros
Model fingerprint: 0xe0340a06
Variable types: 0 continuous, 6806 integer (6806 binary)
Coefficient statistics:
  Matrix range     [1e+00, 2e+01]
  Objective range  [1e+00, 1e+00]
  Bounds range     [1e+00, 1e+00]
  RHS range        [1e+00, 1e+00]
Found heuristic solution: objective 79.0000000
Presolve removed 0 rows and 0 columns (presolve time = 5s)...
Presolve removed 0 rows and 0 columns (presolve time = 10s)...
Presolve removed 105 rows and 7 columns
Presolve time: 12.57s
Presolved: 531582 rows, 6799 columns, 3107621 nonzeros
Variable types: 0 continuous, 6799 integer (6799 binary)
Root relaxation presolved: 6799 rows, 538381 columns, 3114420 nonzeros


Root simplex log...

Iteration    Objective       Primal Inf.    Dual Inf.      Time
       0    1.6880000e+01   0.000000e+00   2.861464e+04     15s
   16848    1.6926889e+01   0.000000e+00   2.812165e+04     20s
   27370    1.6880000e+01   0.000000e+00   0.000000e+00     23s
   27370    1.6880000e+01   0.000000e+00   0.000000e+00     23s
   27370    1.6880000e+01   0.000000e+00   0.000000e+00     23s

Root relaxation: objective 1.688000e+01, 27370 iterations, 10.03 seconds (14.12 work units)
Total elapsed time = 33.38s (DegenMoves)
Total elapsed time = 38.11s (DegenMoves)
Total elapsed time = 46.71s (DegenMoves)
Total elapsed time = 50.89s (DegenMoves)

    Nodes    |    Current Node    |     Objective Bounds      |     Work
 Expl Unexpl |  Obj  Depth IntInf | Incumbent    BestBd   Gap | It/Node Time

     0     0   16.88000    0  196   79.00000   16.88000  78.6%     -   57s
     0     0   17.00000    0  150   79.00000   17.00000  78.5%     -   63s
H    0     0                      40.0000000   17.00000  57.5%     -   63s
H    0     0                      18.0000000   17.00000  5.56%     -   64s
     0     0   17.00000    0  176   18.00000   17.00000  5.56%     -   72s
     0     0   17.00000    0  286   18.00000   17.00000  5.56%     -  127s
     0     0   17.00000    0  290   18.00000   17.00000  5.56%     -  132s
     0     0   17.00000    0  272   18.00000   17.00000  5.56%     -  148s
     0     0   17.00000    0  246   18.00000   17.00000  5.56%     -  152s
     0     0   17.00000    0   27   18.00000   17.00000  5.56%     -  184s
     0     0   17.00000    0  190   18.00000   17.00000  5.56%     -  188s
     0     0   17.00000    0  176   18.00000   17.00000  5.56%     -  189s
     0     0   17.00000    0  116   18.00000   17.00000  5.56%     -  204s
     0     0   17.00000    0  107   18.00000   17.00000  5.56%     -  205s
     0     0   17.00000    0   84   18.00000   17.00000  5.56%     -  239s
     0     0   17.00000    0   69   18.00000   17.00000  5.56%     -  240s
     0     0   17.00000    0  157   18.00000   17.00000  5.56%     -  260s
     0     0   17.00000    0  176   18.00000   17.00000  5.56%     -  261s
     0     0   17.00000    0  177   18.00000   17.00000  5.56%     -  278s
     0     0   17.00000    0  176   18.00000   17.00000  5.56%     -  278s
     0     0   17.00000    0   81   18.00000   17.00000  5.56%     -  289s
     0     0   17.00000    0   81   18.00000   17.00000  5.56%     -  298s
     0     2   17.00000    0   81   18.00000   17.00000  5.56%     -  310s
     3     8   17.00000    2  185   18.00000   17.00000  5.56%  2827  323s
     7    16   17.00000    3  193   18.00000   17.00000  5.56%  1874  328s
    15    24   17.00000    4  149   18.00000   17.00000  5.56%  1466  332s
    23    81   17.00000    5  138   18.00000   17.00000  5.56%  1385  351s
    82   198   17.00000    8  149   18.00000   17.00000  5.56%   662  390s
   199   800   17.00000   27  128   18.00000   17.00000  5.56%   621  442s
  1028  1125 infeasible   62        18.00000   17.00000  5.56%   305  468s
  1522  1483 infeasible   54        18.00000   17.00000  5.56%   263  499s
  1777  1483 infeasible   62        18.00000   17.00000  5.56%   258  500s
  2088  1484   17.00000   50  176   18.00000   17.00000  5.56%   249  510s
  2090  1485   17.00000   41   27   18.00000   17.00000  5.56%   249  524s
  2091  1486   17.00000   36  218   18.00000   17.00000  5.56%   248  528s
  2093  1487   17.00000   37   13   18.00000   17.00000  5.56%   248  565s
  2095  1489   17.00000   37   63   18.00000   17.00000  5.56%   248  588s
  2096  1489   17.00000   34  153   18.00000   17.00000  5.56%   248  590s

Cutting planes:
  Gomory: 21
  Lift-and-project: 4
  Cover: 15
  MIR: 18
  StrongCG: 1
  Flow cover: 27
  GUB cover: 7
  Zero half: 60
  RLT: 6

Explored 2096 nodes (709054 simplex iterations) in 600.09 seconds (495.49 work units)
Thread count was 8 (of 8 available processors)

Solution count 3: 18 40 79 

Time limit reached
Best objective 1.800000000000e+01, best bound 1.700000000000e+01, gap 5.5556%
     LP=16.8800  obj=18.0  nodes=2096  time=600.11s  [TL]

[instance_08]  m=85  n=85  R=25
  -- F1
Set parameter OutputFlag to value 1
Set parameter TimeLimit to value 600
Gurobi Optimizer version 12.0.3 build v12.0.3rc0 (mac64[arm] - Darwin 25.4.0 25E253)

CPU model: Apple M2
Thread count: 8 physical cores, 8 logical processors, using up to 8 threads

Non-default parameters:
TimeLimit  600

Optimize a model with 153679 rows, 7310 columns and 321553 nonzeros
Model fingerprint: 0xa8304b1f
Variable types: 0 continuous, 7310 integer (7310 binary)
Coefficient statistics:
  Matrix range     [1e+00, 2e+01]
  Objective range  [1e+00, 1e+00]
  Bounds range     [1e+00, 1e+00]
  RHS range        [1e+00, 1e+00]
Found heuristic solution: objective 82.0000000
Presolve removed 127685 rows and 260 columns
Presolve time: 1.94s
Presolved: 25994 rows, 7050 columns, 164869 nonzeros
Variable types: 0 continuous, 7050 integer (7050 binary)

Root simplex log...

Iteration    Objective       Primal Inf.    Dual Inf.      Time
   10484    1.6840208e+01   1.041255e+03   0.000000e+00      5s
   12513    1.6840000e+01   0.000000e+00   0.000000e+00      6s

Root relaxation: objective 1.684000e+01, 12513 iterations, 4.09 seconds (5.95 work units)
Total elapsed time = 13.56s (DegenMoves)

    Nodes    |    Current Node    |     Objective Bounds      |     Work
 Expl Unexpl |  Obj  Depth IntInf | Incumbent    BestBd   Gap | It/Node Time

     0     0   16.84000    0  248   82.00000   16.84000  79.5%     -   16s
     0     0   17.00000    0  171   82.00000   17.00000  79.3%     -   16s
H    0     0                      54.0000000   17.00000  68.5%     -   16s
H    0     0                      22.0000000   17.00000  22.7%     -   17s
H    0     0                      21.0000000   17.00000  19.0%     -   17s
H    0     0                      20.0000000   17.00000  15.0%     -   17s
H    0     0                      19.0000000   17.00000  10.5%     -   17s
H    0     0                      18.0000000   17.00000  5.56%     -   17s
     0     0   17.00000    0  201   18.00000   17.00000  5.56%     -   18s
     0     0   17.00000    0  136   18.00000   17.00000  5.56%     -   20s
     0     0   17.00000    0  217   18.00000   17.00000  5.56%     -   20s
     0     0   17.00000    0  204   18.00000   17.00000  5.56%     -   20s
     0     0   17.00000    0  221   18.00000   17.00000  5.56%     -   21s
     0     0   17.00000    0   97   18.00000   17.00000  5.56%     -   21s
     0     0   17.00000    0  182   18.00000   17.00000  5.56%     -   22s
     0     0   17.00000    0  180   18.00000   17.00000  5.56%     -   22s
     0     0   17.00000    0  182   18.00000   17.00000  5.56%     -   22s
     0     0   17.00000    0  165   18.00000   17.00000  5.56%     -   22s
     0     0   17.00000    0  164   18.00000   17.00000  5.56%     -   23s
     0     0   17.00000    0  163   18.00000   17.00000  5.56%     -   23s
     0     0   17.00000    0   61   18.00000   17.00000  5.56%     -   23s
     0     0   17.00000    0   43   18.00000   17.00000  5.56%     -   23s
     0     0   17.00000    0  118   18.00000   17.00000  5.56%     -   24s
     0     0   17.00000    0  105   18.00000   17.00000  5.56%     -   24s
     0     0   17.00000    0  109   18.00000   17.00000  5.56%     -   24s
     0     0   17.00000    0   23   18.00000   17.00000  5.56%     -   24s
     0     2   17.00000    0   16   18.00000   17.00000  5.56%     -   25s
   169   594   17.00000   25  106   18.00000   17.00000  5.56%   288   31s
  1120   887   17.00000   54   75   18.00000   17.00000  5.56%   150   36s
  1406  1422 infeasible   56        18.00000   17.00000  5.56%   153   42s
  1940  1427   17.00000   57  215   18.00000   17.00000  5.56%   148   45s
  1951  1434   17.00000   42  167   18.00000   17.00000  5.56%   147   50s
  2060  1516   17.00000   24  136   18.00000   17.00000  5.56%   182   56s
  2076  1560   17.00000   25  137   18.00000   17.00000  5.56%   182   60s
  2117  1707   17.00000   25  128   18.00000   17.00000  5.56%   180   65s
  2312  1981   17.00000   29  150   18.00000   17.00000  5.56%   173   73s
  2740  2384   17.00000   42  101   18.00000   17.00000  5.56%   164   83s
  3512  2830   17.00000   66  121   18.00000   17.00000  5.56%   156   91s
  4469  3095   17.00000   65  136   18.00000   17.00000  5.56%   146   98s
  5341  3448   17.00000   73   78   18.00000   17.00000  5.56%   141  104s
  6570  3145   17.00000   62   35   18.00000   17.00000  5.56%   137  108s
  6579  3232   17.00000   63  137   18.00000   17.00000  5.56%   137  112s
  6694  3407   17.00000   61  119   18.00000   17.00000  5.56%   136  120s
  6925  3725   17.00000   63   45   18.00000   17.00000  5.56%   136  125s
  7442  4229 infeasible   92        18.00000   17.00000  5.56%   133  130s
  8208  5005   17.00000   75  117   18.00000   17.00000  5.56%   130  135s
 10313  5943   17.00000   63   59   18.00000   17.00000  5.56%   122  143s
 10998  6432   17.00000   64  134   18.00000   17.00000  5.56%   122  146s
 12453  7288   17.00000   71   38   18.00000   17.00000  5.56%   119  152s
 13141  7291   17.00000   78   19   18.00000   17.00000  5.56%   119  155s
 13385  7644   17.00000   79   22   18.00000   17.00000  5.56%   119  161s
 14579  8751   17.00000   61   53   18.00000   17.00000  5.56%   118  168s
 15962  8970   17.00000   81   48   18.00000   17.00000  5.56%   117  170s
 16921  9560   17.00000   84   40   18.00000   17.00000  5.56%   116  175s
 18108 10042   17.00000   80  108   18.00000   17.00000  5.56%   116  180s
 19237 10714 infeasible   98        18.00000   17.00000  5.56%   116  185s
 20545 11296   17.00000   59  159   18.00000   17.00000  5.56%   117  190s
 21736 12108 infeasible   77        18.00000   17.00000  5.56%   117  197s
 22578 12593   17.00000   77   62   18.00000   17.00000  5.56%   117  200s
 24175 13314   17.00000   59   33   18.00000   17.00000  5.56%   117  206s
 25503 14231   17.00000   55  130   18.00000   17.00000  5.56%   117  213s
 26155 14715   17.00000   83   95   18.00000   17.00000  5.56%   117  216s
 26822 14966 infeasible   86        18.00000   17.00000  5.56%   117  221s
 27172 15300   17.00000   85   66   18.00000   17.00000  5.56%   117  225s
 28439 16392   17.00000   73   42   18.00000   17.00000  5.56%   118  232s
 29390 17255   17.00000   59  116   18.00000   17.00000  5.56%   117  274s
 30783 17694   17.00000   60  132   18.00000   17.00000  5.56%   117  277s
 31526 18126   17.00000   76   78   18.00000   17.00000  5.56%   117  280s
 33269 19017 infeasible   93        18.00000   17.00000  5.56%   117  286s
 34832 19987 infeasible   98        18.00000   17.00000  5.56%   117  292s
 35636 20513   17.00000   80   90   18.00000   17.00000  5.56%   117  295s
 37376 21006   17.00000   81   76   18.00000   17.00000  5.56%   117  300s
 37803 21514   17.00000   87   41   18.00000   17.00000  5.56%   117  305s
 39017 22165   17.00000   91   51   18.00000   17.00000  5.56%   117  311s
 40598 23127 infeasible   83        18.00000   17.00000  5.56%   117  317s
 41444 23639   17.00000   63   49   18.00000   17.00000  5.56%   117  321s
 42285 24207   17.00000   82  101   18.00000   17.00000  5.56%   117  326s
 43235 24689   17.00000   69  106   18.00000   17.00000  5.56%   117  332s
 44143 25384   17.00000   71  121   18.00000   17.00000  5.56%   117  338s
 45450 25736   17.00000   57   26   18.00000   17.00000  5.56%   117  342s
 46086 26108   17.00000   73  101   18.00000   17.00000  5.56%   117  345s
 47759 26979   17.00000   72   76   18.00000   17.00000  5.56%   116  352s
 48625 26991   17.00000   77   97   18.00000   17.00000  5.56%   117  356s
 48868 27347   17.00000   78   97   18.00000   17.00000  5.56%   117  361s
 50039 27597   17.00000   79   68   18.00000   17.00000  5.56%   116  366s
 50405 28084 infeasible   81        18.00000   17.00000  5.56%   116  372s
 51074 28556 infeasible   83        18.00000   17.00000  5.56%   117  375s
 52730 29561   17.00000   79   55   18.00000   17.00000  5.56%   117  381s
 53497 30191   17.00000   72  133   18.00000   17.00000  5.56%   117  385s
 55182 31157 infeasible   95        18.00000   17.00000  5.56%   117  391s
 56875 32094   17.00000   72   96   18.00000   17.00000  5.56%   118  397s
 57722 32571   17.00000   68   96   18.00000   17.00000  5.56%   118  400s
 59881 33154 infeasible   84        18.00000   17.00000  5.56%   118  406s
 60234 33726   17.00000   89   74   18.00000   17.00000  5.56%   118  412s
 60918 34268 infeasible   82        18.00000   17.00000  5.56%   118  415s
 62263 34784   17.00000   93   68   18.00000   17.00000  5.56%   118  423s
 62844 35308   17.00000   80   39   18.00000   17.00000  5.56%   118  426s
 64026 35749 infeasible   92        18.00000   17.00000  5.56%   118  430s
 66183 36769   17.00000   69  117   18.00000   17.00000  5.56%   118  437s
 67185 37263   17.00000   69   13   18.00000   17.00000  5.56%   118  440s
 69002 38103   17.00000   87   18   18.00000   17.00000  5.56%   118  446s
 70730 38582 infeasible   92        18.00000   17.00000  5.56%   118  451s
 71531 39241   17.00000   77  130   18.00000   17.00000  5.56%   118  457s
 72416 39715   17.00000   75  127   18.00000   17.00000  5.56%   118  461s
 74398 40509   17.00000   81  103   18.00000   17.00000  5.56%   119  467s
 75248 40740 infeasible   87        18.00000   17.00000  5.56%   119  470s
 76897 41220   17.00000   84   66   18.00000   17.00000  5.56%   119  475s
 78241 41543   17.00000   78   90   18.00000   17.00000  5.56%   119  481s
 78830 42269   17.00000   81   42   18.00000   17.00000  5.56%   119  486s
 80889 43024   17.00000   79   42   18.00000   17.00000  5.56%   119  492s
 81759 43451   17.00000   67  121   18.00000   17.00000  5.56%   119  495s
 83207 44070 infeasible   87        18.00000   17.00000  5.56%   119  503s
 83950 44369 infeasible   94        18.00000   17.00000  5.56%   119  508s
 84670 44720   17.00000   56  176   18.00000   17.00000  5.56%   119  512s
 85331 45169   17.00000   53   26   18.00000   17.00000  5.56%   119  516s
 86221 45279   17.00000   81  121   18.00000   17.00000  5.56%   119  522s
 86503 45587   17.00000   82   37   18.00000   17.00000  5.56%   119  526s
 87279 45889   17.00000   83   35   18.00000   17.00000  5.56%   119  530s
 88063 46263   17.00000   94   55   18.00000   17.00000  5.56%   120  535s
 89266 46267 infeasible   76        18.00000   17.00000  5.56%   120  540s
 89295 46277   17.00000   80   99   18.00000   17.00000  5.56%   120  545s
 89318 46368   17.00000   81  104   18.00000   17.00000  5.56%   120  551s
 89464 46470   17.00000   82  106   18.00000   17.00000  5.56%   120  555s
 89880 46956   17.00000   79  112   18.00000   17.00000  5.56%   120  560s
 92086 47937   17.00000   80   19   18.00000   17.00000  5.56%   120  568s
 93128 48012   17.00000   72   22   18.00000   17.00000  5.56%   120  571s
 94058 48792   17.00000   76  108   18.00000   17.00000  5.56%   120  578s
 94962 49237   17.00000   78  126   18.00000   17.00000  5.56%   120  582s
 95868 49679 infeasible   81        18.00000   17.00000  5.56%   120  586s
 96866 50216   17.00000   67  153   18.00000   17.00000  5.56%   120  590s
 99054 51145 infeasible   84        18.00000   17.00000  5.56%   120  597s
 100051 51425   17.00000   65   83   18.00000   17.00000  5.56%   120  600s

Cutting planes:
  Cover: 5
  Clique: 42
  MIR: 15
  Flow cover: 17
  GUB cover: 5
  Zero half: 27
  RLT: 1
  Relax-and-lift: 3

Explored 100675 nodes (12155527 simplex iterations) in 600.06 seconds (339.42 work units)
Thread count was 8 (of 8 available processors)

Solution count 7: 18 19 20 ... 82

Time limit reached
Best objective 1.800000000000e+01, best bound 1.700000000000e+01, gap 5.5556%
     LP=16.8400  obj=18.0  nodes=100675  time=600.06s  [TL]
  -- F2
Set parameter OutputFlag to value 1
Set parameter TimeLimit to value 600
Gurobi Optimizer version 12.0.3 build v12.0.3rc0 (mac64[arm] - Darwin 25.4.0 25E253)

CPU model: Apple M2
Thread count: 8 physical cores, 8 logical processors, using up to 8 threads

Non-default parameters:
TimeLimit  600

Optimize a model with 722839 rows, 7310 columns and 4287568 nonzeros
Model fingerprint: 0x8e7917ca
Variable types: 0 continuous, 7310 integer (7310 binary)
Coefficient statistics:
  Matrix range     [1e+00, 2e+01]
  Objective range  [1e+00, 1e+00]
  Bounds range     [1e+00, 1e+00]
  RHS range        [1e+00, 1e+00]
Found heuristic solution: objective 74.0000000
Presolve removed 0 rows and 0 columns (presolve time = 5s)...
Presolve removed 0 rows and 0 columns (presolve time = 10s)...
Presolve removed 0 rows and 0 columns (presolve time = 15s)...
Presolve removed 4066 rows and 96 columns (presolve time = 20s)...
Presolve removed 4066 rows and 96 columns
Presolve time: 22.03s
Presolved: 718773 rows, 7214 columns, 4184389 nonzeros
Variable types: 0 continuous, 7214 integer (7214 binary)
Root relaxation presolved: 7214 rows, 725987 columns, 4191603 nonzeros


Root simplex log...

Iteration    Objective       Primal Inf.    Dual Inf.      Time
       0    1.6840000e+01   0.000000e+00   3.466472e+04     26s
   14025    1.6886816e+01   0.000000e+00   5.573213e+04     30s
   30958    1.6908334e+01   0.000000e+00   1.325398e+04     35s
   37739    1.6840000e+01   0.000000e+00   0.000000e+00     38s
   37739    1.6840000e+01   0.000000e+00   0.000000e+00     38s
   37739    1.6840000e+01   0.000000e+00   0.000000e+00     38s

Root relaxation: objective 1.684000e+01, 37739 iterations, 15.03 seconds (19.39 work units)
Total elapsed time = 82.57s (DegenMoves)
Total elapsed time = 99.95s (DegenMoves)
Total elapsed time = 110.24s (DegenMoves)

    Nodes    |    Current Node    |     Objective Bounds      |     Work
 Expl Unexpl |  Obj  Depth IntInf | Incumbent    BestBd   Gap | It/Node Time

     0     0   16.84000    0  219   74.00000   16.84000  77.2%     -  117s
     0     0   17.00000    0  273   74.00000   17.00000  77.0%     -  132s
H    0     0                      20.0000000   17.00000  15.0%     -  134s
H    0     0                      19.0000000   17.00000  10.5%     -  135s
     0     0   17.00000    0  255   19.00000   17.00000  10.5%     -  142s
     0     0   17.00000    0  310   19.00000   17.00000  10.5%     -  248s
     0     0   17.00000    0  334   19.00000   17.00000  10.5%     -  256s
     0     0   17.00000    0  265   19.00000   17.00000  10.5%     -  307s
H    0     0                      18.0000000   17.00000  5.56%     -  308s
     0     0   17.00000    0  297   18.00000   17.00000  5.56%     -  309s
     0     0   17.00000    0  226   18.00000   17.00000  5.56%     -  334s
     0     0   17.00000    0  221   18.00000   17.00000  5.56%     -  335s
     0     0   17.00000    0  191   18.00000   17.00000  5.56%     -  361s
     0     0   17.00000    0  191   18.00000   17.00000  5.56%     -  362s
     0     0   17.00000    0  174   18.00000   17.00000  5.56%     -  401s
     0     0   17.00000    0  174   18.00000   17.00000  5.56%     -  401s
     0     0   17.00000    0  201   18.00000   17.00000  5.56%     -  447s
     0     0   17.00000    0  209   18.00000   17.00000  5.56%     -  449s
     0     0   17.00000    0  198   18.00000   17.00000  5.56%     -  487s
     0     0   17.00000    0  196   18.00000   17.00000  5.56%     -  488s
     0     0   17.00000    0  191   18.00000   17.00000  5.56%     -  514s
     0     0   17.00000    0  204   18.00000   17.00000  5.56%     -  517s
     0     0   17.00000    0  208   18.00000   17.00000  5.56%     -  552s
     0     0   17.00000    0  107   18.00000   17.00000  5.56%     -  582s

Cutting planes:
  Cover: 1
  MIR: 3

Explored 1 nodes (219814 simplex iterations) in 600.08 seconds (705.63 work units)
Thread count was 8 (of 8 available processors)

Solution count 4: 18 19 20 74 

Time limit reached
Best objective 1.800000000000e+01, best bound 1.700000000000e+01, gap 5.5556%
     LP=16.8400  obj=18.0  nodes=1  time=600.09s  [TL]

[instance_09]  m=90  n=90  R=25
  -- F1
Set parameter OutputFlag to value 1
Set parameter TimeLimit to value 600
Gurobi Optimizer version 12.0.3 build v12.0.3rc0 (mac64[arm] - Darwin 25.4.0 25E253)

CPU model: Apple M2
Thread count: 8 physical cores, 8 logical processors, using up to 8 threads

Non-default parameters:
TimeLimit  600

Optimize a model with 183149 rows, 8190 columns and 382228 nonzeros
Model fingerprint: 0x63849694
Variable types: 0 continuous, 8190 integer (8190 binary)
Coefficient statistics:
  Matrix range     [1e+00, 2e+01]
  Objective range  [1e+00, 1e+00]
  Bounds range     [1e+00, 1e+00]
  RHS range        [1e+00, 1e+00]
Found heuristic solution: objective 90.0000000
Presolve removed 151382 rows and 2 columns
Presolve time: 1.73s
Presolved: 31767 rows, 8188 columns, 196166 nonzeros
Variable types: 0 continuous, 8188 integer (8188 binary)

Root relaxation: objective 1.800000e+01, 3994 iterations, 2.13 seconds (2.36 work units)
Total elapsed time = 5.33s (DegenMoves)

    Nodes    |    Current Node    |     Objective Bounds      |     Work
 Expl Unexpl |  Obj  Depth IntInf | Incumbent    BestBd   Gap | It/Node Time

     0     0   18.00000    0   99   90.00000   18.00000  80.0%     -    6s
H    0     0                      41.0000000   18.00000  56.1%     -    6s
H    0     0                      23.0000000   18.00000  21.7%     -    6s
H    0     0                      22.0000000   18.00000  18.2%     -    7s
H    0     0                      21.0000000   18.00000  14.3%     -    7s
H    0     0                      20.0000000   18.00000  10.0%     -    8s
     0     0   18.00000    0  191   20.00000   18.00000  10.0%     -   15s
H    0     0                      19.0000000   18.00000  5.26%     -   21s
     0     0   18.00000    0  181   19.00000   18.00000  5.26%     -   23s
     0     0   18.00000    0   79   19.00000   18.00000  5.26%     -   29s
     0     0   18.00000    0   83   19.00000   18.00000  5.26%     -   30s
     0     0   18.00000    0  126   19.00000   18.00000  5.26%     -   37s
     0     0   18.00000    0   76   19.00000   18.00000  5.26%     -   41s
     0     0   18.00000    0  144   19.00000   18.00000  5.26%     -   45s
     0     0   18.00000    0  161   19.00000   18.00000  5.26%     -   45s
     0     0   18.00000    0  136   19.00000   18.00000  5.26%     -   49s
     0     0   18.00000    0  113   19.00000   18.00000  5.26%     -   49s
     0     0   18.00000    0  148   19.00000   18.00000  5.26%     -   56s
     0     0   18.00000    0  321   19.00000   18.00000  5.26%     -   58s
     0     0   18.00000    0  293   19.00000   18.00000  5.26%     -   58s
     0     0   18.00000    0  261   19.00000   18.00000  5.26%     -   59s
     0     0   18.00000    0  257   19.00000   18.00000  5.26%     -   59s
     0     0   18.00000    0  204   19.00000   18.00000  5.26%     -   62s
     0     0   18.00000    0  195   19.00000   18.00000  5.26%     -   62s
     0     0   18.00000    0  122   19.00000   18.00000  5.26%     -   64s
     0     0   18.00000    0  106   19.00000   18.00000  5.26%     -   64s
     0     0   18.00000    0  184   19.00000   18.00000  5.26%     -   66s
     0     0   18.00000    0  212   19.00000   18.00000  5.26%     -   66s
     0     0   18.00000    0  173   19.00000   18.00000  5.26%     -   70s
     0     0   18.00000    0  194   19.00000   18.00000  5.26%     -   70s
     0     0   18.00000    0  131   19.00000   18.00000  5.26%     -   73s
     0     0   18.00000    0   86   19.00000   18.00000  5.26%     -   73s
     0     0   18.00000    0  118   19.00000   18.00000  5.26%     -   75s
     0     0   18.00000    0  144   19.00000   18.00000  5.26%     -   75s
     0     0   18.00000    0  131   19.00000   18.00000  5.26%     -   76s
     0     0   18.00000    0  131   19.00000   18.00000  5.26%     -   77s
     0     2   18.00000    0  130   19.00000   18.00000  5.26%     -   78s
     3     8   18.00000    2  165   19.00000   18.00000  5.26%   851   80s
    85   122   18.00000    7  262   19.00000   18.00000  5.26%   240   85s
   131   280   18.00000    8  223   19.00000   18.00000  5.26%   243   90s
   339   450   18.00000    9  228   19.00000   18.00000  5.26%   153   96s
   766   471   18.00000    9  219   19.00000   18.00000  5.26%   108  103s
  1037   729   18.00000   10  221   19.00000   18.00000  5.26%   102  110s
  1665   922   18.00000   54  220   19.00000   18.00000  5.26%  94.1  118s
  2967  1014 infeasible   83        19.00000   18.00000  5.26%  97.2  123s
  3818  1342 infeasible   84        19.00000   18.00000  5.26%  98.7  129s
  4773  1343   18.00000   46  148   19.00000   18.00000  5.26%  93.5  130s
  4779  1347   18.00000   10  162   19.00000   18.00000  5.26%  93.4  135s
  4784  1350   18.00000   57  115   19.00000   18.00000  5.26%  93.3  140s
  4790  1354   18.00000   30   95   19.00000   18.00000  5.26%  93.1  145s
  4796  1358   18.00000   38  109   19.00000   18.00000  5.26%  93.0  151s
  4821  1407   18.00000   17  168   19.00000   18.00000  5.26%   120  156s
  4865  1416   18.00000   20  170   19.00000   18.00000  5.26%   121  163s
  4876  1436   18.00000   20  176   19.00000   18.00000  5.26%   123  170s
  4901  1456   18.00000   21  211   19.00000   18.00000  5.26%   124  179s
  4932  1585   18.00000   21  181   19.00000   18.00000  5.26%   126  201s
  5073  2225   18.00000   24  125   19.00000   18.00000  5.26%   144  239s
  5862  2340   18.00000   70  120   19.00000   18.00000  5.26%   178  268s
  6388  2826   18.00000   67   46   19.00000   18.00000  5.26%   188  294s
  7293  3494   18.00000   94   82   19.00000   18.00000  5.26%   204  316s
  8633  3147   18.00000   78  168   19.00000   18.00000  5.26%   217  327s
  8766  3818   18.00000   81  156   19.00000   18.00000  5.26%   217  342s
  9717  4517   18.00000  102   44   19.00000   18.00000  5.26%   222  355s
 11041  4885   18.00000   71   35   19.00000   18.00000  5.26%   222  365s
 11576  5537   18.00000   86  207   19.00000   18.00000  5.26%   224  375s
 12580  6047   18.00000   91   71   19.00000   18.00000  5.26%   225  384s
 13460  6056 infeasible   93        19.00000   18.00000  5.26%   226  390s
 13473  6297   18.00000   95   85   19.00000   18.00000  5.26%   226  398s
 13844  6630 infeasible  102        19.00000   18.00000  5.26%   226  406s
 14369  6755   18.00000  112  101   19.00000   18.00000  5.26%   227  413s
 14622  6836   18.00000  113   88   19.00000   18.00000  5.26%   228  423s
 14759  8191   18.00000   78   75   19.00000   18.00000  5.26%   228  451s
 16783  8546 infeasible   90        19.00000   18.00000  5.26%   230  459s
 17422  9016   18.00000   73   99   19.00000   18.00000  5.26%   230  467s
 18014  9265 infeasible  117        19.00000   18.00000  5.26%   231  475s
 18387  9725   18.00000   83   91   19.00000   18.00000  5.26%   233  483s
 19081 10107   18.00000   71  150   19.00000   18.00000  5.26%   234  491s
 19667 10682   18.00000   83   62   19.00000   18.00000  5.26%   235  501s
 20568 11209 infeasible   92        19.00000   18.00000  5.26%   234  510s
 21435 11747   18.00000  109  139   19.00000   18.00000  5.26%   234  518s
 22299 12042   18.00000   84   88   19.00000   18.00000  5.26%   234  527s
 22805 12629   18.00000   77  128   19.00000   18.00000  5.26%   235  537s
 23858 13057 infeasible   93        19.00000   18.00000  5.26%   233  546s
 24818 13594   18.00000   73   41   19.00000   18.00000  5.26%   233  556s
 25730 13664   18.00000   89  133   19.00000   18.00000  5.26%   234  564s
 25874 13865 infeasible   87        19.00000   18.00000  5.26%   234  572s
 26293 14086   18.00000   88  125   19.00000   18.00000  5.26%   234  582s
 26772 14290   18.00000   89  123   19.00000   18.00000  5.26%   234  592s
 27234 14723   18.00000   94   76   19.00000   18.00000  5.26%   236  600s

Cutting planes:
  Clique: 14
  Zero half: 2
  RLT: 1

Explored 28127 nodes (6702072 simplex iterations) in 600.02 seconds (347.70 work units)
Thread count was 8 (of 8 available processors)

Solution count 7: 19 20 21 ... 90

Time limit reached
Best objective 1.900000000000e+01, best bound 1.800000000000e+01, gap 5.2632%
     LP=18.0000  obj=19.0  nodes=28127  time=600.03s  [TL]
  -- F2
Set parameter OutputFlag to value 1
Set parameter TimeLimit to value 600
Gurobi Optimizer version 12.0.3 build v12.0.3rc0 (mac64[arm] - Darwin 25.4.0 25E253)

CPU model: Apple M2
Thread count: 8 physical cores, 8 logical processors, using up to 8 threads

Non-default parameters:
TimeLimit  600

Optimize a model with 979019 rows, 8190 columns and 5851978 nonzeros
Model fingerprint: 0xfd28c7ea
Variable types: 0 continuous, 8190 integer (8190 binary)
Coefficient statistics:
  Matrix range     [1e+00, 2e+01]
  Objective range  [1e+00, 1e+00]
  Bounds range     [1e+00, 1e+00]
  RHS range        [1e+00, 1e+00]
Found heuristic solution: objective 84.0000000
Presolve removed 0 rows and 0 columns (presolve time = 5s)...
Presolve removed 0 rows and 0 columns (presolve time = 10s)...
Presolve removed 0 rows and 0 columns (presolve time = 15s)...
Presolve removed 0 rows and 0 columns (presolve time = 21s)...
Presolve removed 957 rows and 21 columns (presolve time = 25s)...
Presolve removed 957 rows and 21 columns
Presolve time: 29.19s
Presolved: 978062 rows, 8169 columns, 5837853 nonzeros
Variable types: 0 continuous, 8169 integer (8169 binary)
Root relaxation presolved: 8169 rows, 986231 columns, 5846022 nonzeros


Root simplex log...

Iteration    Objective       Primal Inf.    Dual Inf.      Time
       0    1.8000000e+01   0.000000e+00   4.745520e+04     34s
    2320    1.8014757e+01   0.000000e+00   3.428439e+05     35s
   10440    1.8059062e+01   0.000000e+00   2.349882e+05     40s
   25674    1.8089271e+01   0.000000e+00   1.215614e+05     45s
   33669    1.8000000e+01   0.000000e+00   0.000000e+00     48s
   33669    1.8000000e+01   0.000000e+00   0.000000e+00     48s
   33669    1.8000000e+01   0.000000e+00   0.000000e+00     49s

Root relaxation: objective 1.800000e+01, 33669 iterations, 18.44 seconds (23.27 work units)
Total elapsed time = 121.49s (DegenMoves)
Total elapsed time = 189.49s (DegenMoves)
Total elapsed time = 213.70s (DegenMoves)

    Nodes    |    Current Node    |     Objective Bounds      |     Work
 Expl Unexpl |  Obj  Depth IntInf | Incumbent    BestBd   Gap | It/Node Time

     0     0   18.00000    0  325   84.00000   18.00000  78.6%     -  263s
     0     0   18.00000    0  307   84.00000   18.00000  78.6%     -  293s
H    0     0                      21.0000000   18.00000  14.3%     -  295s
H    0     0                      20.0000000   18.00000  10.0%     -  297s
     0     0   18.00000    0  256   20.00000   18.00000  10.0%     -  312s
     0     0   18.00000    0  451   20.00000   18.00000  10.0%     -  516s
     0     0   18.00000    0  462   20.00000   18.00000  10.0%     -  554s
     0     0   18.00000    0  444   20.00000   18.00000  10.0%     -  556s
     0     0   18.00000    0  376   20.00000   18.00000  10.0%     -  600s

Cutting planes:
  Gomory: 3
  Cover: 1
  MIR: 6
  StrongCG: 2
  GUB cover: 1
  Zero half: 82

Explored 1 nodes (129587 simplex iterations) in 600.09 seconds (566.67 work units)
Thread count was 8 (of 8 available processors)

Solution count 3: 20 21 84 

Time limit reached
Best objective 2.000000000000e+01, best bound 1.800000000000e+01, gap 10.0000%
     LP=18.0000  obj=20.0  nodes=1  time=600.11s  [TL]
Dataset 2 complete.
